Component: ARM Compiler 5.06 update 6 (build 750) Tool: armlink [4d35ed]

==============================================================================

Section Cross References

    startup_stm32f401xe.o(RESET) refers to startup_stm32f401xe.o(STACK) for __initial_sp
    startup_stm32f401xe.o(RESET) refers to startup_stm32f401xe.o(.text) for Reset_Handler
    startup_stm32f401xe.o(RESET) refers to stm32f4xx_it.o(i.NMI_Handler) for NMI_Handler
    startup_stm32f401xe.o(RESET) refers to stm32f4xx_it.o(i.HardFault_Handler) for HardFault_Handler
    startup_stm32f401xe.o(RESET) refers to stm32f4xx_it.o(i.MemManage_Handler) for MemManage_Handler
    startup_stm32f401xe.o(RESET) refers to stm32f4xx_it.o(i.BusFault_Handler) for BusFault_Handler
    startup_stm32f401xe.o(RESET) refers to stm32f4xx_it.o(i.UsageFault_Handler) for UsageFault_Handler
    startup_stm32f401xe.o(RESET) refers to stm32f4xx_it.o(i.SVC_Handler) for SVC_Handler
    startup_stm32f401xe.o(RESET) refers to stm32f4xx_it.o(i.DebugMon_Handler) for DebugMon_Handler
    startup_stm32f401xe.o(RESET) refers to stm32f4xx_it.o(i.PendSV_Handler) for PendSV_Handler
    startup_stm32f401xe.o(RESET) refers to stm32f4xx_it.o(i.SysTick_Handler) for SysTick_Handler
    startup_stm32f401xe.o(RESET) refers to stm32f4xx_it.o(i.DMA1_Stream5_IRQHandler) for DMA1_Stream5_IRQHandler
    startup_stm32f401xe.o(RESET) refers to stm32f4xx_it.o(i.TIM3_IRQHandler) for TIM3_IRQHandler
    startup_stm32f401xe.o(RESET) refers to stm32f4xx_it.o(i.USART2_IRQHandler) for USART2_IRQHandler
    startup_stm32f401xe.o(RESET) refers to stm32f4xx_it.o(i.DMA2_Stream0_IRQHandler) for DMA2_Stream0_IRQHandler
    startup_stm32f401xe.o(.text) refers to system_stm32f4xx.o(i.SystemInit) for SystemInit
    startup_stm32f401xe.o(.text) refers to entry.o(.ARM.Collect$$$$00000000) for __main
    a2v_controller.o(i.DW_A2V_Ctrl) refers to a2v_controller.o(i.fftFunc) for fftFunc
    a2v_controller.o(i.DW_A2V_Ctrl) refers to a2v_controller.o(i.adaptEq) for adaptEq
    a2v_controller.o(i.DW_A2V_Ctrl) refers to a2v_controller.o(i.loudnCalc) for loudnCalc
    a2v_controller.o(i.DW_A2V_Ctrl) refers to a2v_controller.o(i.vibFreqGenSet) for vibFreqGenSet
    a2v_controller.o(i.DW_A2V_Ctrl) refers to a2v_controller.o(.data) for .data
    a2v_controller.o(i.DW_A2V_Init) refers to a2v_controller.o(i.fftFixTable) for fftFixTable
    a2v_controller.o(i.calcPowerSpectrum) refers to a2v_controller.o(i.sqrtI2I) for sqrtI2I
    a2v_controller.o(i.fftFix) refers to a2v_controller.o(i.Rnd) for Rnd
    a2v_controller.o(i.fftFix) refers to a2v_controller.o(i.swap) for swap
    a2v_controller.o(i.fftFixTable) refers to a2v_controller.o(i.shortSin) for shortSin
    a2v_controller.o(i.fftFunc) refers to a2v_controller.o(i.fftFix) for fftFix
    a2v_controller.o(i.fftFunc) refers to a2v_controller.o(i.calcPowerSpectrum) for calcPowerSpectrum
    dw7914.o(i.dw7914_RAM_init) refers to dw7914.o(i.dw7914_write_waveform_to_memory) for dw7914_write_waveform_to_memory
    dw7914.o(i.dw7914_RAM_init) refers to dw7914.o(i.dw7914_write_header_to_memory) for dw7914_write_header_to_memory
    dw7914.o(i.dw7914_RAM_init) refers to freqhigh.o(.constdata) for freqHigh
    dw7914.o(i.dw7914_RAM_init) refers to freqhigh.o(.constdata) for freqHigh_length
    dw7914.o(i.dw7914_RAM_init) refers to freqmid.o(.constdata) for freqMid
    dw7914.o(i.dw7914_RAM_init) refers to freqmid.o(.constdata) for freqMid_length
    dw7914.o(i.dw7914_RAM_init) refers to freqlow.o(.constdata) for freqLow
    dw7914.o(i.dw7914_RAM_init) refers to freqlow.o(.constdata) for freqLow_length
    dw7914.o(i.dw7914_get_byte) refers to dw7914.o(i.i2c_read) for i2c_read
    dw7914.o(i.dw7914_go) refers to dw7914.o(i.i2c_write) for i2c_write
    dw7914.o(i.dw7914_init) refers to memcpya.o(.text) for __aeabi_memcpy
    dw7914.o(i.dw7914_init) refers to stm32f4xx_hal_gpio.o(i.HAL_GPIO_WritePin) for HAL_GPIO_WritePin
    dw7914.o(i.dw7914_init) refers to stm32f4xx_hal.o(i.HAL_Delay) for HAL_Delay
    dw7914.o(i.dw7914_init) refers to dw7914.o(i.dw7914_swrst) for dw7914_swrst
    dw7914.o(i.dw7914_init) refers to dw7914.o(i.dw7914_get_byte) for dw7914_get_byte
    dw7914.o(i.dw7914_init) refers to main.o(i.Error_Handler) for Error_Handler
    dw7914.o(i.dw7914_init) refers to dw7914.o(i.dw7914_set_byte) for dw7914_set_byte
    dw7914.o(i.dw7914_init) refers to dw7914.o(i.dw7914_RAM_init) for dw7914_RAM_init
    dw7914.o(i.dw7914_init) refers to dw7914.o(i.dw7914_seq_loop_setup) for dw7914_seq_loop_setup
    dw7914.o(i.dw7914_init) refers to dw7914.o(.constdata) for .constdata
    dw7914.o(i.dw7914_read_RAM) refers to dw7914.o(i.i2c_write) for i2c_write
    dw7914.o(i.dw7914_read_RAM) refers to dw7914.o(i.i2c_read) for i2c_read
    dw7914.o(i.dw7914_seq_loop_setup) refers to dw7914.o(i.i2c_write) for i2c_write
    dw7914.o(i.dw7914_set_byte) refers to dw7914.o(i.i2c_write) for i2c_write
    dw7914.o(i.dw7914_set_vdClamp) refers to dw7914.o(i.i2c_write) for i2c_write
[...]
    ..\Drivers\STM32F4xx_HAL_Driver\Src\stm32f4xx_hal_tim_ex.c 0x00000000   Number         0  stm32f4xx_hal_tim_ex.o ABSOLUTE
    ..\Drivers\STM32F4xx_HAL_Driver\Src\stm32f4xx_hal_uart.c 0x00000000   Number         0  stm32f4xx_hal_uart.o ABSOLUTE
    ..\Res\freqHigh.c                        0x00000000   Number         0  freqhigh.o ABSOLUTE
    ..\Res\freqLow.c                         0x00000000   Number         0  freqlow.o ABSOLUTE
    ..\Res\freqMid.c                         0x00000000   Number         0  freqmid.o ABSOLUTE
    ..\Src\a2v_controller.c                  0x00000000   Number         0  a2v_controller.o ABSOLUTE
    ..\Src\dw7914.c                          0x00000000   Number         0  dw7914.o ABSOLUTE
    ..\Src\main.c                            0x00000000   Number         0  main.o ABSOLUTE
    ..\Src\stm32f4xx_hal_msp.c               0x00000000   Number         0  stm32f4xx_hal_msp.o ABSOLUTE
    ..\Src\stm32f4xx_it.c                    0x00000000   Number         0  stm32f4xx_it.o ABSOLUTE
    ..\Src\system_stm32f4xx.c                0x00000000   Number         0  system_stm32f4xx.o ABSOLUTE
    ..\Src\uart_packet.c                     0x00000000   Number         0  uart_packet.o ABSOLUTE
    ..\Src\util.c                            0x00000000   Number         0  util.o ABSOLUTE
    ..\\Src\\a2v_controller.c                0x00000000   Number         0  a2v_controller.o ABSOLUTE
    ..\\Src\\dw7914.c                        0x00000000   Number         0  dw7914.o ABSOLUTE
    ..\\Src\\uart_packet.c                   0x00000000   Number         0  uart_packet.o ABSOLUTE
    ..\\Src\\util.c                          0x00000000   Number         0  util.o ABSOLUTE
    dc.s                                     0x00000000   Number         0  dc.o ABSOLUTE
    handlers.s                               0x00000000   Number         0  handlers.o ABSOLUTE
    init.s                                   0x00000000   Number         0  init.o ABSOLUTE
    startup_stm32f401xe.s                    0x00000000   Number         0  startup_stm32f401xe.o ABSOLUTE
    RESET                                    0x08000000   Section      404  startup_stm32f401xe.o(RESET)
    .ARM.Collect$$$$00000000                 0x08000194   Section        0  entry.o(.ARM.Collect$$$$00000000)
    .ARM.Collect$$$$00000001                 0x08000194   Section        4  entry2.o(.ARM.Collect$$$$00000001)
    .ARM.Collect$$$$00000004                 0x08000198   Section        4  entry5.o(.ARM.Collect$$$$00000004)
    .ARM.Collect$$$$00000008                 0x0800019c   Section        0  entry7b.o(.ARM.Collect$$$$00000008)
    .ARM.Collect$$$$0000000A                 0x0800019c   Section        0  entry8b.o(.ARM.Collect$$$$0000000A)
    .ARM.Collect$$$$0000000B                 0x0800019c   Section        8  entry9a.o(.ARM.Collect$$$$0000000B)
    .ARM.Collect$$$$0000000D                 0x080001a4   Section        0  entry10a.o(.ARM.Collect$$$$0000000D)
    .ARM.Collect$$$$0000000F                 0x080001a4   Section        0  entry11a.o(.ARM.Collect$$$$0000000F)
    .ARM.Collect$$$$00002712                 0x080001a4   Section        4  entry2.o(.ARM.Collect$$$$00002712)
    __lit__00000000                          0x080001a4   Data           4  entry2.o(.ARM.Collect$$$$00002712)
    .text                                    0x080001a8   Section       36  startup_stm32f401xe.o(.text)
    $v0                                      0x080001a8   Number         0  startup_stm32f401xe.o(.text)
    .text                                    0x080001cc   Section        0  uldiv.o(.text)
    .text                                    0x0800022e   Section        0  memcpya.o(.text)
    .text                                    0x08000252   Section        0  memseta.o(.text)
    .text                                    0x08000276   Section        0  strncmp.o(.text)
    .text                                    0x08000294   Section        0  llshl.o(.text)
    .text                                    0x080002b2   Section        0  llushr.o(.text)
    .text                                    0x080002d4   Section       36  init.o(.text)
    .text                                    0x080002f8   Section        0  __dclz77c.o(.text)
    i.ADC_DMAConvCplt                        0x08000356   Section        0  stm32f4xx_hal_adc.o(i.ADC_DMAConvCplt)
    ADC_DMAConvCplt                          0x08000357   Thumb Code   110  stm32f4xx_hal_adc.o(i.ADC_DMAConvCplt)
    i.ADC_DMAError                           0x080003c4   Section        0  stm32f4xx_hal_adc.o(i.ADC_DMAError)
    ADC_DMAError                             0x080003c5   Thumb Code    22  stm32f4xx_hal_adc.o(i.ADC_DMAError)
    i.ADC_DMAHalfConvCplt                    0x080003da   Section        0  stm32f4xx_hal_adc.o(i.ADC_DMAHalfConvCplt)
    ADC_DMAHalfConvCplt                      0x080003db   Thumb Code    10  stm32f4xx_hal_adc.o(i.ADC_DMAHalfConvCplt)
    i.ADC_Init                               0x080003e4   Section        0  stm32f4xx_hal_adc.o(i.ADC_Init)
    ADC_Init                                 0x080003e5   Thumb Code   284  stm32f4xx_hal_adc.o(i.ADC_Init)
    i.BusFault_Handler                       0x0800050c   Section        0  stm32f4xx_it.o(i.BusFault_Handler)
    i.DMA1_Stream5_IRQHandler                0x08000510   Section        0  stm32f4xx_it.o(i.DMA1_Stream5_IRQHandler)
    i.DMA2_Stream0_IRQHandler                0x0800051c   Section        0  stm32f4xx_it.o(i.DMA2_Stream0_IRQHandler)
    i.DMA_CalcBaseAndBitshift                0x08000528   Section        0  stm32f4xx_hal_dma.o(i.DMA_CalcBaseAndBitshift)
    DMA_CalcBaseAndBitshift                  0x08000529   Thumb Code    34  stm32f4xx_hal_dma.o(i.DMA_CalcBaseAndBitshift)
    i.DMA_CheckFifoParam                     0x08000550   Section        0  stm32f4xx_hal_dma.o(i.DMA_CheckFifoParam)
    DMA_CheckFifoParam                       0x08000551   Thumb Code    84  stm32f4xx_hal_dma.o(i.DMA_CheckFifoParam)
    i.DMA_SetConfig                          0x080005a4   Section        0  stm32f4xx_hal_dma.o(i.DMA_SetConfig)
    DMA_SetConfig                            0x080005a5   Thumb Code    40  stm32f4xx_hal_dma.o(i.DMA_SetConfig)
    i.DW_A2V_Ctrl                            0x080005cc   Section        0  a2v_controller.o(i.DW_A2V_Ctrl)
    i.DW_A2V_Init                            0x08000678   Section        0  a2v_controller.o(i.DW_A2V_Init)
    i.DebugMon_Handler                       0x0800068c   Section        0  stm32f4xx_it.o(i.DebugMon_Handler)
    i.Error_Handler                          0x08000690   Section        0  main.o(i.Error_Handler)
    i.FLASH_Erase_Sector                     0x080006b4   Section        0  stm32f4xx_hal_flash_ex.o(i.FLASH_Erase_Sector)
    i.FLASH_Program_Byte                     0x08000704   Section        0  stm32f4xx_hal_flash.o(i.FLASH_Program_Byte)
    FLASH_Program_Byte                       0x08000705   Thumb Code    26  stm32f4xx_hal_flash.o(i.FLASH_Program_Byte)
    i.FLASH_Program_DoubleWord               0x08000724   Section        0  stm32f4xx_hal_flash.o(i.FLASH_Program_DoubleWord)
    FLASH_Program_DoubleWord                 0x08000725   Thumb Code    34  stm32f4xx_hal_flash.o(i.FLASH_Program_DoubleWord)
    i.FLASH_Program_HalfWord                 0x0800074c   Section        0  stm32f4xx_hal_flash.o(i.FLASH_Program_HalfWord)
    FLASH_Program_HalfWord                   0x0800074d   Thumb Code    30  stm32f4xx_hal_flash.o(i.FLASH_Program_HalfWord)
    i.FLASH_Program_Word                     0x08000770   Section        0  stm32f4xx_hal_flash.o(i.FLASH_Program_Word)
    FLASH_Program_Word                       0x08000771   Thumb Code    30  stm32f4xx_hal_flash.o(i.FLASH_Program_Word)
    i.FLASH_SetErrorCode                     0x08000794   Section        0  stm32f4xx_hal_flash.o(i.FLASH_SetErrorCode)
    FLASH_SetErrorCode                       0x08000795   Thumb Code   116  stm32f4xx_hal_flash.o(i.FLASH_SetErrorCode)
    i.FLASH_WaitForLastOperation             0x08000810   Section        0  stm32f4xx_hal_flash.o(i.FLASH_WaitForLastOperation)
    i.HAL_ADC_ConfigChannel                  0x08000860   Section        0  stm32f4xx_hal_adc.o(i.HAL_ADC_ConfigChannel)
    i.HAL_ADC_ConvCpltCallback               0x080009ac   Section        0  main.o(i.HAL_ADC_ConvCpltCallback)
    i.HAL_ADC_ConvHalfCpltCallback           0x080009fc   Section        0  main.o(i.HAL_ADC_ConvHalfCpltCallback)
    i.HAL_ADC_ErrorCallback                  0x08000a40   Section        0  stm32f4xx_hal_adc.o(i.HAL_ADC_ErrorCallback)
    i.HAL_ADC_Init                           0x08000a42   Section        0  stm32f4xx_hal_adc.o(i.HAL_ADC_Init)
    i.HAL_ADC_MspInit                        0x08000a98   Section        0  stm32f4xx_hal_msp.o(i.HAL_ADC_MspInit)
    i.HAL_ADC_Start_DMA                      0x08000b30   Section        0  stm32f4xx_hal_adc.o(i.HAL_ADC_Start_DMA)
    i.HAL_DMA_Abort_IT                       0x08000c30   Section        0  stm32f4xx_hal_dma.o(i.HAL_DMA_Abort_IT)
    i.HAL_DMA_IRQHandler                     0x08000c54   Section        0  stm32f4xx_hal_dma.o(i.HAL_DMA_IRQHandler)
    i.HAL_DMA_Init                           0x08000df4   Section        0  stm32f4xx_hal_dma.o(i.HAL_DMA_Init)
    i.HAL_DMA_Start_IT                       0x08000ec8   Section        0  stm32f4xx_hal_dma.o(i.HAL_DMA_Start_IT)
    i.HAL_Delay                              0x08000f40   Section        0  stm32f4xx_hal.o(i.HAL_Delay)
    i.HAL_FLASH_Lock                         0x08000f64   Section        0  stm32f4xx_hal_flash.o(i.HAL_FLASH_Lock)
    i.HAL_FLASH_Program                      0x08000f78   Section        0  stm32f4xx_hal_flash.o(i.HAL_FLASH_Program)
    i.HAL_FLASH_Unlock                       0x08000ff4   Section        0  stm32f4xx_hal_flash.o(i.HAL_FLASH_Unlock)
    i.HAL_GPIO_Init                          0x08001020   Section        0  stm32f4xx_hal_gpio.o(i.HAL_GPIO_Init)
    i.HAL_GPIO_TogglePin                     0x080011a8   Section        0  stm32f4xx_hal_gpio.o(i.HAL_GPIO_TogglePin)
    i.HAL_GPIO_WritePin                      0x080011b6   Section        0  stm32f4xx_hal_gpio.o(i.HAL_GPIO_WritePin)
    i.HAL_GetTick                            0x080011c0   Section        0  stm32f4xx_hal.o(i.HAL_GetTick)
    i.HAL_I2C_Init                           0x080011cc   Section        0  stm32f4xx_hal_i2c.o(i.HAL_I2C_Init)
    i.HAL_I2C_Mem_Read                       0x08001340   Section        0  stm32f4xx_hal_i2c.o(i.HAL_I2C_Mem_Read)
    i.HAL_I2C_Mem_Write                      0x08001538   Section        0  stm32f4xx_hal_i2c.o(i.HAL_I2C_Mem_Write)
    i.HAL_I2C_MspInit                        0x08001668   Section        0  stm32f4xx_hal_msp.o(i.HAL_I2C_MspInit)
    i.HAL_IncTick                            0x0800172c   Section        0  stm32f4xx_hal.o(i.HAL_IncTick)
    i.HAL_Init                               0x0800173c   Section        0  stm32f4xx_hal.o(i.HAL_Init)
    i.HAL_InitTick                           0x08001770   Section        0  stm32f4xx_hal.o(i.HAL_InitTick)
    i.HAL_MspInit                            0x080017b0   Section        0  stm32f4xx_hal_msp.o(i.HAL_MspInit)
    i.HAL_NVIC_EnableIRQ                     0x080017e0   Section        0  stm32f4xx_hal_cortex.o(i.HAL_NVIC_EnableIRQ)
    i.HAL_NVIC_SetPriority                   0x080017fc   Section        0  stm32f4xx_hal_cortex.o(i.HAL_NVIC_SetPriority)
    i.HAL_NVIC_SetPriorityGrouping           0x0800183c   Section        0  stm32f4xx_hal_cortex.o(i.HAL_NVIC_SetPriorityGrouping)
    i.HAL_RCC_ClockConfig                    0x08001860   Section        0  stm32f4xx_hal_rcc.o(i.HAL_RCC_ClockConfig)
    i.HAL_RCC_GetPCLK1Freq                   0x08001990   Section        0  stm32f4xx_hal_rcc.o(i.HAL_RCC_GetPCLK1Freq)
    i.HAL_RCC_GetPCLK2Freq                   0x080019b0   Section        0  stm32f4xx_hal_rcc.o(i.HAL_RCC_GetPCLK2Freq)
    i.HAL_RCC_GetSysClockFreq                0x080019d0   Section        0  stm32f4xx_hal_rcc.o(i.HAL_RCC_GetSysClockFreq)
    i.HAL_RCC_OscConfig                      0x08001a34   Section        0  stm32f4xx_hal_rcc.o(i.HAL_RCC_OscConfig)
    i.HAL_SYSTICK_Config                     0x08001d50   Section        0  stm32f4xx_hal_cortex.o(i.HAL_SYSTICK_Config)
    i.HAL_TIMEx_BreakCallback                0x08001d78   Section        0  stm32f4xx_hal_tim_ex.o(i.HAL_TIMEx_BreakCallback)
    i.HAL_TIMEx_CommutCallback               0x08001d7a   Section        0  stm32f4xx_hal_tim_ex.o(i.HAL_TIMEx_CommutCallback)
    i.HAL_TIMEx_MasterConfigSynchronization  0x08001d7c   Section        0  stm32f4xx_hal_tim_ex.o(i.HAL_TIMEx_MasterConfigSynchronization)
    i.HAL_TIM_Base_Init                      0x08001dbe   Section        0  stm32f4xx_hal_tim.o(i.HAL_TIM_Base_Init)
    i.HAL_TIM_Base_MspInit                   0x08001df4   Section        0  stm32f4xx_hal_msp.o(i.HAL_TIM_Base_MspInit)
    i.HAL_TIM_Base_Start                     0x08001e44   Section        0  stm32f4xx_hal_tim.o(i.HAL_TIM_Base_Start)
    i.HAL_TIM_Base_Start_IT                  0x08001e68   Section        0  stm32f4xx_hal_tim.o(i.HAL_TIM_Base_Start_IT)
    i.HAL_TIM_ConfigClockSource              0x08001e8a   Section        0  stm32f4xx_hal_tim.o(i.HAL_TIM_ConfigClockSource)
    i.HAL_TIM_IC_CaptureCallback             0x08001f60   Section        0  stm32f4xx_hal_tim.o(i.HAL_TIM_IC_CaptureCallback)
    i.HAL_TIM_IRQHandler                     0x08001f62   Section        0  stm32f4xx_hal_tim.o(i.HAL_TIM_IRQHandler)
    i.HAL_TIM_OC_ConfigChannel               0x080020c8   Section        0  stm32f4xx_hal_tim.o(i.HAL_TIM_OC_ConfigChannel)
    i.HAL_TIM_OC_DelayElapsedCallback        0x08002120   Section        0  main.o(i.HAL_TIM_OC_DelayElapsedCallback)
    i.HAL_TIM_OC_Init                        0x08002150   Section        0  stm32f4xx_hal_tim.o(i.HAL_TIM_OC_Init)
    i.HAL_TIM_OC_MspInit                     0x08002186   Section        0  stm32f4xx_hal_tim.o(i.HAL_TIM_OC_MspInit)
    i.HAL_TIM_OC_Start_IT                    0x08002188   Section        0  stm32f4xx_hal_tim.o(i.HAL_TIM_OC_Start_IT)
    i.HAL_TIM_PWM_PulseFinishedCallback      0x080021f4   Section        0  stm32f4xx_hal_tim.o(i.HAL_TIM_PWM_PulseFinishedCallback)
    i.HAL_TIM_PeriodElapsedCallback          0x080021f8   Section        0  main.o(i.HAL_TIM_PeriodElapsedCallback)
    i.HAL_TIM_TriggerCallback                0x08002214   Section        0  stm32f4xx_hal_tim.o(i.HAL_TIM_TriggerCallback)
    i.HAL_UART_ErrorCallback                 0x08002216   Section        0  stm32f4xx_hal_uart.o(i.HAL_UART_ErrorCallback)
    i.HAL_UART_IRQHandler                    0x08002218   Section        0  stm32f4xx_hal_uart.o(i.HAL_UART_IRQHandler)
    i.HAL_UART_Init                          0x08002328   Section        0  stm32f4xx_hal_uart.o(i.HAL_UART_Init)
    i.HAL_UART_MspInit                       0x0800238c   Section        0  stm32f4xx_hal_msp.o(i.HAL_UART_MspInit)
    i.HAL_UART_Receive_DMA                   0x08002440   Section        0  stm32f4xx_hal_uart.o(i.HAL_UART_Receive_DMA)
    i.HAL_UART_RxCpltCallback                0x080024d8   Section        0  main.o(i.HAL_UART_RxCpltCallback)
    i.HAL_UART_RxHalfCpltCallback            0x080024e4   Section        0  stm32f4xx_hal_uart.o(i.HAL_UART_RxHalfCpltCallback)
    i.HAL_UART_Transmit                      0x080024e6   Section        0  stm32f4xx_hal_uart.o(i.HAL_UART_Transmit)
    i.HAL_UART_TxCpltCallback                0x080025a0   Section        0  stm32f4xx_hal_uart.o(i.HAL_UART_TxCpltCallback)
    i.HardFault_Handler                      0x080025a2   Section        0  stm32f4xx_it.o(i.HardFault_Handler)
    i.I2C1_read_RAM                          0x080025a4   Section        0  main.o(i.I2C1_read_RAM)
    i.I2C1_set_byte                          0x080025b4   Section        0  main.o(i.I2C1_set_byte)
    i.I2C1_write_RAM                         0x080025c4   Section        0  main.o(i.I2C1_write_RAM)
    i.I2C2_set_byte                          0x080025d4   Section        0  main.o(i.I2C2_set_byte)
    i.I2C2_write_RAM                         0x080025e4   Section        0  main.o(i.I2C2_write_RAM)
    i.I2C_IsAcknowledgeFailed                0x080025f4   Section        0  stm32f4xx_hal_i2c.o(i.I2C_IsAcknowledgeFailed)
    I2C_IsAcknowledgeFailed                  0x080025f5   Thumb Code    46  stm32f4xx_hal_i2c.o(i.I2C_IsAcknowledgeFailed)
    i.I2C_RequestMemoryRead                  0x08002622   Section        0  stm32f4xx_hal_i2c.o(i.I2C_RequestMemoryRead)
    I2C_RequestMemoryRead                    0x08002623   Thumb Code   230  stm32f4xx_hal_i2c.o(i.I2C_RequestMemoryRead)
    i.I2C_RequestMemoryWrite                 0x08002708   Section        0  stm32f4xx_hal_i2c.o(i.I2C_RequestMemoryWrite)
    I2C_RequestMemoryWrite                   0x08002709   Thumb Code   144  stm32f4xx_hal_i2c.o(i.I2C_RequestMemoryWrite)
    i.I2C_WaitOnBTFFlagUntilTimeout          0x0800279c   Section        0  stm32f4xx_hal_i2c.o(i.I2C_WaitOnBTFFlagUntilTimeout)
    I2C_WaitOnBTFFlagUntilTimeout            0x0800279d   Thumb Code    76  stm32f4xx_hal_i2c.o(i.I2C_WaitOnBTFFlagUntilTimeout)
    i.I2C_WaitOnFlagUntilTimeout             0x080027e8   Section        0  stm32f4xx_hal_i2c.o(i.I2C_WaitOnFlagUntilTimeout)
    I2C_WaitOnFlagUntilTimeout               0x080027e9   Thumb Code   104  stm32f4xx_hal_i2c.o(i.I2C_WaitOnFlagUntilTimeout)
    i.I2C_WaitOnMasterAddressFlagUntilTimeout 0x08002850   Section        0  stm32f4xx_hal_i2c.o(i.I2C_WaitOnMasterAddressFlagUntilTimeout)
    I2C_WaitOnMasterAddressFlagUntilTimeout  0x08002851   Thumb Code   150  stm32f4xx_hal_i2c.o(i.I2C_WaitOnMasterAddressFlagUntilTimeout)
    i.I2C_WaitOnRXNEFlagUntilTimeout         0x080028e6   Section        0  stm32f4xx_hal_i2c.o(i.I2C_WaitOnRXNEFlagUntilTimeout)
    I2C_WaitOnRXNEFlagUntilTimeout           0x080028e7   Thumb Code   102  stm32f4xx_hal_i2c.o(i.I2C_WaitOnRXNEFlagUntilTimeout)
    i.I2C_WaitOnTXEFlagUntilTimeout          0x0800294c   Section        0  stm32f4xx_hal_i2c.o(i.I2C_WaitOnTXEFlagUntilTimeout)
    I2C_WaitOnTXEFlagUntilTimeout            0x0800294d   Thumb Code    76  stm32f4xx_hal_i2c.o(i.I2C_WaitOnTXEFlagUntilTimeout)
    i.MX_ADC1_Init                           0x08002998   Section        0  main.o(i.MX_ADC1_Init)
    MX_ADC1_Init                             0x08002999   Thumb Code    98  main.o(i.MX_ADC1_Init)
    i.MX_GPIO_Init                           0x08002a04   Section        0  main.o(i.MX_GPIO_Init)
    MX_GPIO_Init                             0x08002a05   Thumb Code   224  main.o(i.MX_GPIO_Init)
    i.MX_I2C1_Init                           0x08002af8   Section        0  main.o(i.MX_I2C1_Init)
    MX_I2C1_Init                             0x08002af9   Thumb Code    46  main.o(i.MX_I2C1_Init)
    i.MX_I2C2_Init                           0x08002b34   Section        0  main.o(i.MX_I2C2_Init)
    MX_I2C2_Init                             0x08002b35   Thumb Code    46  main.o(i.MX_I2C2_Init)
    i.MX_TIM2_Init                           0x08002b70   Section        0  main.o(i.MX_TIM2_Init)
    MX_TIM2_Init                             0x08002b71   Thumb Code    88  main.o(i.MX_TIM2_Init)
    i.MX_TIM3_Init                           0x08002bcc   Section        0  main.o(i.MX_TIM3_Init)
    MX_TIM3_Init                             0x08002bcd   Thumb Code   128  main.o(i.MX_TIM3_Init)
    i.MemManage_Handler                      0x08002c54   Section        0  stm32f4xx_it.o(i.MemManage_Handler)
    i.NMI_Handler                            0x08002c56   Section        0  stm32f4xx_it.o(i.NMI_Handler)
    i.PendSV_Handler                         0x08002c58   Section        0  stm32f4xx_it.o(i.PendSV_Handler)
    i.Rnd                                    0x08002c5a   Section        0  a2v_controller.o(i.Rnd)
    i.SVC_Handler                            0x08002c68   Section        0  stm32f4xx_it.o(i.SVC_Handler)
    i.SysTick_Handler                        0x08002c6a   Section        0  stm32f4xx_it.o(i.SysTick_Handler)
    i.SystemClock_Config                     0x08002c70   Section        0  main.o(i.SystemClock_Config)
    i.SystemInit                             0x08002cfc   Section        0  system_stm32f4xx.o(i.SystemInit)
    i.TIM3_IRQHandler                        0x08002d50   Section        0  stm32f4xx_it.o(i.TIM3_IRQHandler)
    i.TIM_Base_SetConfig                     0x08002d5c   Section        0  stm32f4xx_hal_tim.o(i.TIM_Base_SetConfig)
    i.TIM_CCxChannelCmd                      0x08002df4   Section        0  stm32f4xx_hal_tim.o(i.TIM_CCxChannelCmd)
    i.TIM_ETR_SetConfig                      0x08002e0e   Section        0  stm32f4xx_hal_tim.o(i.TIM_ETR_SetConfig)
    i.TIM_ITRx_SetConfig                     0x08002e22   Section        0  stm32f4xx_hal_tim.o(i.TIM_ITRx_SetConfig)
    TIM_ITRx_SetConfig                       0x08002e23   Thumb Code    16  stm32f4xx_hal_tim.o(i.TIM_ITRx_SetConfig)
    i.TIM_OC1_SetConfig                      0x08002e34   Section        0  stm32f4xx_hal_tim.o(i.TIM_OC1_SetConfig)
    TIM_OC1_SetConfig                        0x08002e35   Thumb Code    74  stm32f4xx_hal_tim.o(i.TIM_OC1_SetConfig)
    i.TIM_OC2_SetConfig                      0x08002e84   Section        0  stm32f4xx_hal_tim.o(i.TIM_OC2_SetConfig)
    i.TIM_OC3_SetConfig                      0x08002edc   Section        0  stm32f4xx_hal_tim.o(i.TIM_OC3_SetConfig)
    TIM_OC3_SetConfig                        0x08002edd   Thumb Code    82  stm32f4xx_hal_tim.o(i.TIM_OC3_SetConfig)
    i.TIM_OC4_SetConfig                      0x08002f34   Section        0  stm32f4xx_hal_tim.o(i.TIM_OC4_SetConfig)
    TIM_OC4_SetConfig                        0x08002f35   Thumb Code    64  stm32f4xx_hal_tim.o(i.TIM_OC4_SetConfig)
    i.TIM_TI1_ConfigInputStage               0x08002f78   Section        0  stm32f4xx_hal_tim.o(i.TIM_TI1_ConfigInputStage)
    TIM_TI1_ConfigInputStage                 0x08002f79   Thumb Code    34  stm32f4xx_hal_tim.o(i.TIM_TI1_ConfigInputStage)
    i.TIM_TI2_ConfigInputStage               0x08002f9a   Section        0  stm32f4xx_hal_tim.o(i.TIM_TI2_ConfigInputStage)
    TIM_TI2_ConfigInputStage                 0x08002f9b   Thumb Code    36  stm32f4xx_hal_tim.o(i.TIM_TI2_ConfigInputStage)
    i.UART_DMAAbortOnError                   0x08002fbe   Section        0  stm32f4xx_hal_uart.o(i.UART_DMAAbortOnError)
    UART_DMAAbortOnError                     0x08002fbf   Thumb Code    16  stm32f4xx_hal_uart.o(i.UART_DMAAbortOnError)
    i.UART_DMAError                          0x08002fce   Section        0  stm32f4xx_hal_uart.o(i.UART_DMAError)
    UART_DMAError                            0x08002fcf   Thumb Code    74  stm32f4xx_hal_uart.o(i.UART_DMAError)
    i.UART_DMAReceiveCplt                    0x08003018   Section        0  stm32f4xx_hal_uart.o(i.UART_DMAReceiveCplt)
    UART_DMAReceiveCplt                      0x08003019   Thumb Code    60  stm32f4xx_hal_uart.o(i.UART_DMAReceiveCplt)
    i.UART_DMARxHalfCplt                     0x08003054   Section        0  stm32f4xx_hal_uart.o(i.UART_DMARxHalfCplt)
    UART_DMARxHalfCplt                       0x08003055   Thumb Code    10  stm32f4xx_hal_uart.o(i.UART_DMARxHalfCplt)
    i.UART_EndRxTransfer                     0x0800305e   Section        0  stm32f4xx_hal_uart.o(i.UART_EndRxTransfer)
    UART_EndRxTransfer                       0x0800305f   Thumb Code    28  stm32f4xx_hal_uart.o(i.UART_EndRxTransfer)
    i.UART_EndTxTransfer                     0x0800307a   Section        0  stm32f4xx_hal_uart.o(i.UART_EndTxTransfer)
    UART_EndTxTransfer                       0x0800307b   Thumb Code    18  stm32f4xx_hal_uart.o(i.UART_EndTxTransfer)
    i.UART_Receive_IT                        0x0800308c   Section        0  stm32f4xx_hal_uart.o(i.UART_Receive_IT)
    UART_Receive_IT                          0x0800308d   Thumb Code   150  stm32f4xx_hal_uart.o(i.UART_Receive_IT)
    i.UART_SetConfig                         0x08003124   Section        0  stm32f4xx_hal_uart.o(i.UART_SetConfig)
    UART_SetConfig                           0x08003125   Thumb Code   676  stm32f4xx_hal_uart.o(i.UART_SetConfig)
    i.UART_Transmit_IT                       0x080033d0   Section        0  stm32f4xx_hal_uart.o(i.UART_Transmit_IT)
    UART_Transmit_IT                         0x080033d1   Thumb Code    98  stm32f4xx_hal_uart.o(i.UART_Transmit_IT)
    i.UART_WaitOnFlagUntilTimeout            0x08003432   Section        0  stm32f4xx_hal_uart.o(i.UART_WaitOnFlagUntilTimeout)
    UART_WaitOnFlagUntilTimeout              0x08003433   Thumb Code   100  stm32f4xx_hal_uart.o(i.UART_WaitOnFlagUntilTimeout)
    i.USART2_IRQHandler                      0x08003498   Section        0  stm32f4xx_it.o(i.USART2_IRQHandler)
    i.UsageFault_Handler                     0x080034a4   Section        0  stm32f4xx_it.o(i.UsageFault_Handler)
    i.__NVIC_SetPriority                     0x080034a6   Section        0  stm32f4xx_hal_cortex.o(i.__NVIC_SetPriority)
    __NVIC_SetPriority                       0x080034a7   Thumb Code    32  stm32f4xx_hal_cortex.o(i.__NVIC_SetPriority)
    i.__scatterload_copy                     0x080034c6   Section       14  handlers.o(i.__scatterload_copy)
    i.__scatterload_null                     0x080034d4   Section        2  handlers.o(i.__scatterload_null)
    i.__scatterload_zeroinit                 0x080034d6   Section       14  handlers.o(i.__scatterload_zeroinit)
    i.adaptEq                                0x080034e4   Section        0  a2v_controller.o(i.adaptEq)
    i.asc2hex                                0x080035d0   Section        0  uart_packet.o(i.asc2hex)
    i.calcPowerSpectrum                      0x080035fc   Section        0  a2v_controller.o(i.calcPowerSpectrum)
    i.dw7914_RAM_init                        0x08003628   Section        0  dw7914.o(i.dw7914_RAM_init)
    i.dw7914_get_byte                        0x0800371c   Section        0  dw7914.o(i.dw7914_get_byte)
    i.dw7914_go                              0x0800372c   Section        0  dw7914.o(i.dw7914_go)
    i.dw7914_init                            0x08003740   Section        0  dw7914.o(i.dw7914_init)
    i.dw7914_read_RAM                        0x08003800   Section        0  dw7914.o(i.dw7914_read_RAM)
    i.dw7914_seq_loop_setup                  0x0800382c   Section        0  dw7914.o(i.dw7914_seq_loop_setup)
    i.dw7914_set_byte                        0x0800385e   Section        0  dw7914.o(i.dw7914_set_byte)
    i.dw7914_set_vdClamp                     0x0800386e   Section        0  dw7914.o(i.dw7914_set_vdClamp)
    i.dw7914_set_wave_seq                    0x0800388e   Section        0  dw7914.o(i.dw7914_set_wave_seq)
    i.dw7914_swrst                           0x080038a0   Section        0  dw7914.o(i.dw7914_swrst)
    i.dw7914_write_RAM                       0x080038b4   Section        0  dw7914.o(i.dw7914_write_RAM)
    i.dw7914_write_header_to_memory          0x080038e0   Section        0  dw7914.o(i.dw7914_write_header_to_memory)
    i.dw7914_write_waveform_to_memory        0x08003934   Section        0  dw7914.o(i.dw7914_write_waveform_to_memory)
    i.fftFix                                 0x08003964   Section        0  a2v_controller.o(i.fftFix)
    i.fftFixTable                            0x08003a78   Section        0  a2v_controller.o(i.fftFixTable)
    i.fftFunc                                0x08003ae0   Section        0  a2v_controller.o(i.fftFunc)
    i.free                                   0x08003b28   Section        0  malloc.o(i.free)
    i.i2c_read                               0x08003b78   Section        0  dw7914.o(i.i2c_read)
    i.i2c_write                              0x08003b98   Section        0  dw7914.o(i.i2c_write)
    i.loudnCalc                              0x08003bb8   Section        0  a2v_controller.o(i.loudnCalc)
    i.main                                   0x08003c28   Section        0  main.o(i.main)
    i.malloc                                 0x08004014   Section        0  malloc.o(i.malloc)
    i.shortSin                               0x08004080   Section        0  a2v_controller.o(i.shortSin)
    i.sqrtI2I                                0x080040ec   Section        0  a2v_controller.o(i.sqrtI2I)
    i.swap                                   0x08004108   Section        0  a2v_controller.o(i.swap)
    i.uart_packet_Debug                      0x08004112   Section        0  uart_packet.o(i.uart_packet_Debug)
    i.uart_packet_Decode                     0x08004160   Section        0  uart_packet.o(i.uart_packet_Decode)
    i.uart_packet_Error                      0x080041f4   Section        0  uart_packet.o(i.uart_packet_Error)
    i.uart_packet_Exec                       0x08004200   Section        0  uart_packet.o(i.uart_packet_Exec)
    i.uart_packet_Identify                   0x08004298   Section        0  uart_packet.o(i.uart_packet_Identify)
    i.uart_packet_Record                     0x080042e0   Section        0  uart_packet.o(i.uart_packet_Record)
    i.uart_packet_Register                   0x0800431a   Section        0  uart_packet.o(i.uart_packet_Register)
    i.uart_packet_Response                   0x08004346   Section        0  uart_packet.o(i.uart_packet_Response)
    i.uart_packet_Send                       0x08004374   Section        0  uart_packet.o(i.uart_packet_Send)
    i.util_flash_to_waveform                 0x08004384   Section        0  util.o(i.util_flash_to_waveform)
    i.util_flash_tuning_isEmpty              0x080043c8   Section        0  util.o(i.util_flash_tuning_isEmpty)
    i.util_flash_tuning_read                 0x080043e4   Section        0  util.o(i.util_flash_tuning_read)
    i.util_flash_tuning_write                0x080043fc   Section        0  util.o(i.util_flash_tuning_write)
    i.util_flash_waveform_isEmpty            0x08004440   Section        0  util.o(i.util_flash_waveform_isEmpty)
    i.util_flash_waveform_read               0x0800445c   Section        0  util.o(i.util_flash_waveform_read)
    i.util_flash_waveform_write              0x08004476   Section        0  util.o(i.util_flash_waveform_write)
    i.util_waveform_to_flash                 0x080044a0   Section        0  util.o(i.util_waveform_to_flash)
    i.vibFreqGenSet                          0x08004508   Section        0  a2v_controller.o(i.vibFreqGenSet)
    .constdata                               0x0800451e   Section       85  dw7914.o(.constdata)
    .constdata                               0x08004573   Section        8  stm32f4xx_hal_dma.o(.constdata)
    flagBitshiftOffset                       0x08004573   Data           8  stm32f4xx_hal_dma.o(.constdata)
    .constdata                               0x0800457b   Section       16  system_stm32f4xx.o(.constdata)
    .constdata                               0x0800458b   Section        8  system_stm32f4xx.o(.constdata)
    .constdata                               0x08004593   Section      256  freqhigh.o(.constdata)
    .constdata                               0x08004694   Section        4  freqhigh.o(.constdata)
    .constdata                               0x08004698   Section      384  freqlow.o(.constdata)
    .constdata                               0x08004818   Section        4  freqlow.o(.constdata)
    .constdata                               0x0800481c   Section      304  freqmid.o(.constdata)
    .constdata                               0x0800494c   Section        4  freqmid.o(.constdata)
    .data                                    0x20000000   Section     2048  a2v_controller.o(.data)
    .data                                    0x20000800   Section       28  uart_packet.o(.data)
    .data                                    0x2000081c   Section       20  main.o(.data)
    .data                                    0x20000830   Section       12  stm32f4xx_hal.o(.data)
    .data                                    0x2000083c   Section        4  system_stm32f4xx.o(.data)
    .data                                    0x20000840   Section        4  mvars.o(.data)
    .data                                    0x20000844   Section        4  mvars.o(.data)
    .bss                                     0x20000848   Section    16570  main.o(.bss)
    tuning_factor                            0x200048b8   Data          64  main.o(.bss)
    .bss                                     0x20004904   Section       96  main.o(.bss)
    .bss                                     0x20004964   Section       96  main.o(.bss)
    .bss                                     0x200049c4   Section       32  stm32f4xx_hal_flash.o(.bss)
    HEAP                                     0x200049e8   Section      512  startup_stm32f401xe.o(HEAP)
    STACK                                    0x20004be8   Section     1024  startup_stm32f401xe.o(STACK)

    Global Symbols

    Symbol Name                              Value     Ov Type        Size  Object(Section)

    BuildAttributes$$THM_ISAv4$E$P$D$K$B$S$7EM$VFPi3$EXTD16$VFPS$VFMA$PE$A:L22UL41UL21$X:L11$S22US41US21$IEEE1$IW$USESV6$~STKCKD$USESV7$~SHL$OSPACE$EBA8$MICROLIB$REQ8$PRES8$EABIv2 0x00000000   Number         0  anon$$obj.o ABSOLUTE
    __ARM_use_no_argv                        0x00000000   Number         0  main.o ABSOLUTE
    __cpp_initialize__aeabi_                  - Undefined Weak Reference
    __cxa_finalize                            - Undefined Weak Reference
    _clock_init                               - Undefined Weak Reference
    _microlib_exit                            - Undefined Weak Reference
    __Vectors_Size                           0x00000194   Number         0  startup_stm32f401xe.o ABSOLUTE
    __Vectors                                0x08000000   Data           4  startup_stm32f401xe.o(RESET)
    __Vectors_End                            0x08000194   Data           0  startup_stm32f401xe.o(RESET)
    __main                                   0x08000195   Thumb Code     0  entry.o(.ARM.Collect$$$$00000000)
    _main_stk                                0x08000195   Thumb Code     0  entry2.o(.ARM.Collect$$$$00000001)
    _main_scatterload                        0x08000199   Thumb Code     0  entry5.o(.ARM.Collect$$$$00000004)
    __main_after_scatterload                 0x0800019d   Thumb Code     0  entry5.o(.ARM.Collect$$$$00000004)
    _main_clock                              0x0800019d   Thumb Code     0  entry7b.o(.ARM.Collect$$$$00000008)
    _main_cpp_init                           0x0800019d   Thumb Code     0  entry8b.o(.ARM.Collect$$$$0000000A)
    _main_init                               0x0800019d   Thumb Code     0  entry9a.o(.ARM.Collect$$$$0000000B)
    __rt_final_cpp                           0x080001a5   Thumb Code     0  entry10a.o(.ARM.Collect$$$$0000000D)
    __rt_final_exit                          0x080001a5   Thumb Code     0  entry11a.o(.ARM.Collect$$$$0000000F)
    Reset_Handler                            0x080001a9   Thumb Code     8  startup_stm32f401xe.o(.text)
    ADC_IRQHandler                           0x080001c3   Thumb Code     0  startup_stm32f401xe.o(.text)
    DMA1_Stream0_IRQHandler                  0x080001c3   Thumb Code     0  startup_stm32f401xe.o(.text)
    DMA1_Stream1_IRQHandler                  0x080001c3   Thumb Code     0  startup_stm32f401xe.o(.text)
    DMA1_Stream2_IRQHandler                  0x080001c3   Thumb Code     0  startup_stm32f401xe.o(.text)
    DMA1_Stream3_IRQHandler                  0x080001c3   Thumb Code     0  startup_stm32f401xe.o(.text)
    DMA1_Stream4_IRQHandler                  0x080001c3   Thumb Code     0  startup_stm32f401xe.o(.text)
    DMA1_Stream6_IRQHandler                  0x080001c3   Thumb Code     0  startup_stm32f401xe.o(.text)
    DMA1_Stream7_IRQHandler                  0x080001c3   Thumb Code     0  startup_stm32f401xe.o(.text)
    DMA2_Stream1_IRQHandler                  0x080001c3   Thumb Code     0  startup_stm32f401xe.o(.text)
    DMA2_Stream2_IRQHandler                  0x080001c3   Thumb Code     0  startup_stm32f401xe.o(.text)
    DMA2_Stream3_IRQHandler                  0x080001c3   Thumb Code     0  startup_stm32f401xe.o(.text)
    DMA2_Stream4_IRQHandler                  0x080001c3   Thumb Code     0  startup_stm32f401xe.o(.text)
    DMA2_Stream5_IRQHandler                  0x080001c3   Thumb Code     0  startup_stm32f401xe.o(.text)
    DMA2_Stream6_IRQHandler                  0x080001c3   Thumb Code     0  startup_stm32f401xe.o(.text)
    DMA2_Stream7_IRQHandler                  0x080001c3   Thumb Code     0  startup_stm32f401xe.o(.text)
    EXTI0_IRQHandler                         0x080001c3   Thumb Code     0  startup_stm32f401xe.o(.text)
    EXTI15_10_IRQHandler                     0x080001c3   Thumb Code     0  startup_stm32f401xe.o(.text)
    EXTI1_IRQHandler                         0x080001c3   Thumb Code     0  startup_stm32f401xe.o(.text)
    EXTI2_IRQHandler                         0x080001c3   Thumb Code     0  startup_stm32f401xe.o(.text)
    EXTI3_IRQHandler                         0x080001c3   Thumb Code     0  startup_stm32f401xe.o(.text)
    EXTI4_IRQHandler                         0x080001c3   Thumb Code     0  startup_stm32f401xe.o(.text)
    EXTI9_5_IRQHandler                       0x080001c3   Thumb Code     0  startup_stm32f401xe.o(.text)
    FLASH_IRQHandler                         0x080001c3   Thumb Code     0  startup_stm32f401xe.o(.text)
    FPU_IRQHandler                           0x080001c3   Thumb Code     0  startup_stm32f401xe.o(.text)
    I2C1_ER_IRQHandler                       0x080001c3   Thumb Code     0  startup_stm32f401xe.o(.text)
    I2C1_EV_IRQHandler                       0x080001c3   Thumb Code     0  startup_stm32f401xe.o(.text)
    I2C2_ER_IRQHandler                       0x080001c3   Thumb Code     0  startup_stm32f401xe.o(.text)
    I2C2_EV_IRQHandler                       0x080001c3   Thumb Code     0  startup_stm32f401xe.o(.text)
    I2C3_ER_IRQHandler                       0x080001c3   Thumb Code     0  startup_stm32f401xe.o(.text)
    I2C3_EV_IRQHandler                       0x080001c3   Thumb Code     0  startup_stm32f401xe.o(.text)
    OTG_FS_IRQHandler                        0x080001c3   Thumb Code     0  startup_stm32f401xe.o(.text)
    OTG_FS_WKUP_IRQHandler                   0x080001c3   Thumb Code     0  startup_stm32f401xe.o(.text)
    PVD_IRQHandler                           0x080001c3   Thumb Code     0  startup_stm32f401xe.o(.text)
    RCC_IRQHandler                           0x080001c3   Thumb Code     0  startup_stm32f401xe.o(.text)
    RTC_Alarm_IRQHandler                     0x080001c3   Thumb Code     0  startup_stm32f401xe.o(.text)
    RTC_WKUP_IRQHandler                      0x080001c3   Thumb Code     0  startup_stm32f401xe.o(.text)
    SDIO_IRQHandler                          0x080001c3   Thumb Code     0  startup_stm32f401xe.o(.text)
    SPI1_IRQHandler                          0x080001c3   Thumb Code     0  startup_stm32f401xe.o(.text)
    SPI2_IRQHandler                          0x080001c3   Thumb Code     0  startup_stm32f401xe.o(.text)
    SPI3_IRQHandler                          0x080001c3   Thumb Code     0  startup_stm32f401xe.o(.text)
    SPI4_IRQHandler                          0x080001c3   Thumb Code     0  startup_stm32f401xe.o(.text)
    TAMP_STAMP_IRQHandler                    0x080001c3   Thumb Code     0  startup_stm32f401xe.o(.text)
    TIM1_BRK_TIM9_IRQHandler                 0x080001c3   Thumb Code     0  startup_stm32f401xe.o(.text)
    TIM1_CC_IRQHandler                       0x080001c3   Thumb Code     0  startup_stm32f401xe.o(.text)
    TIM1_TRG_COM_TIM11_IRQHandler            0x080001c3   Thumb Code     0  startup_stm32f401xe.o(.text)
    TIM1_UP_TIM10_IRQHandler                 0x080001c3   Thumb Code     0  startup_stm32f401xe.o(.text)
    TIM2_IRQHandler                          0x080001c3   Thumb Code     0  startup_stm32f401xe.o(.text)
    TIM4_IRQHandler                          0x080001c3   Thumb Code     0  startup_stm32f401xe.o(.text)
    TIM5_IRQHandler                          0x080001c3   Thumb Code     0  startup_stm32f401xe.o(.text)
    USART1_IRQHandler                        0x080001c3   Thumb Code     0  startup_stm32f401xe.o(.text)
    USART6_IRQHandler                        0x080001c3   Thumb Code     0  startup_stm32f401xe.o(.text)
    WWDG_IRQHandler                          0x080001c3   Thumb Code     0  startup_stm32f401xe.o(.text)
    __aeabi_uldivmod                         0x080001cd   Thumb Code    98  uldiv.o(.text)
    __aeabi_memcpy                           0x0800022f   Thumb Code    36  memcpya.o(.text)
    __aeabi_memcpy4                          0x0800022f   Thumb Code     0  memcpya.o(.text)
    __aeabi_memcpy8                          0x0800022f   Thumb Code     0  memcpya.o(.text)
    __aeabi_memset                           0x08000253   Thumb Code    14  memseta.o(.text)
    __aeabi_memset4                          0x08000253   Thumb Code     0  memseta.o(.text)
    __aeabi_memset8                          0x08000253   Thumb Code     0  memseta.o(.text)
    __aeabi_memclr                           0x08000261   Thumb Code     4  memseta.o(.text)
    __aeabi_memclr4                          0x08000261   Thumb Code     0  memseta.o(.text)
    __aeabi_memclr8                          0x08000261   Thumb Code     0  memseta.o(.text)
    _memset$wrapper                          0x08000265   Thumb Code    18  memseta.o(.text)
    strncmp                                  0x08000277   Thumb Code    30  strncmp.o(.text)
    __aeabi_llsl                             0x08000295   Thumb Code    30  llshl.o(.text)
    _ll_shift_l                              0x08000295   Thumb Code     0  llshl.o(.text)
    __aeabi_llsr                             0x080002b3   Thumb Code    32  llushr.o(.text)
    _ll_ushift_r                             0x080002b3   Thumb Code     0  llushr.o(.text)
    __scatterload                            0x080002d5   Thumb Code    28  init.o(.text)
    __scatterload_rt2                        0x080002d5   Thumb Code     0  init.o(.text)
    __decompress                             0x080002f9   Thumb Code     0  __dclz77c.o(.text)
    __decompress2                            0x080002f9   Thumb Code    94  __dclz77c.o(.text)
    BusFault_Handler                         0x0800050d   Thumb Code     2  stm32f4xx_it.o(i.BusFault_Handler)
    DMA1_Stream5_IRQHandler                  0x08000511   Thumb Code     6  stm32f4xx_it.o(i.DMA1_Stream5_IRQHandler)
    DMA2_Stream0_IRQHandler                  0x0800051d   Thumb Code     6  stm32f4xx_it.o(i.DMA2_Stream0_IRQHandler)
    DW_A2V_Ctrl                              0x080005cd   Thumb Code   166  a2v_controller.o(i.DW_A2V_Ctrl)
    DW_A2V_Init                              0x08000679   Thumb Code    20  a2v_controller.o(i.DW_A2V_Init)
    DebugMon_Handler                         0x0800068d   Thumb Code     2  stm32f4xx_it.o(i.DebugMon_Handler)
    Error_Handler                            0x08000691   Thumb Code    32  main.o(i.Error_Handler)
    FLASH_Erase_Sector                       0x080006b5   Thumb Code    74  stm32f4xx_hal_flash_ex.o(i.FLASH_Erase_Sector)
    FLASH_WaitForLastOperation               0x08000811   Thumb Code    72  stm32f4xx_hal_flash.o(i.FLASH_WaitForLastOperation)
    HAL_ADC_ConfigChannel                    0x08000861   Thumb Code   316  stm32f4xx_hal_adc.o(i.HAL_ADC_ConfigChannel)
    HAL_ADC_ConvCpltCallback                 0x080009ad   Thumb Code    70  main.o(i.HAL_ADC_ConvCpltCallback)
    HAL_ADC_ConvHalfCpltCallback             0x080009fd   Thumb Code    58  main.o(i.HAL_ADC_ConvHalfCpltCallback)
    HAL_ADC_ErrorCallback                    0x08000a41   Thumb Code     2  stm32f4xx_hal_adc.o(i.HAL_ADC_ErrorCallback)
    HAL_ADC_Init                             0x08000a43   Thumb Code    84  stm32f4xx_hal_adc.o(i.HAL_ADC_Init)
    HAL_ADC_MspInit                          0x08000a99   Thumb Code   130  stm32f4xx_hal_msp.o(i.HAL_ADC_MspInit)
    HAL_ADC_Start_DMA                        0x08000b31   Thumb Code   228  stm32f4xx_hal_adc.o(i.HAL_ADC_Start_DMA)
    HAL_DMA_Abort_IT                         0x08000c31   Thumb Code    36  stm32f4xx_hal_dma.o(i.HAL_DMA_Abort_IT)
    HAL_DMA_IRQHandler                       0x08000c55   Thumb Code   412  stm32f4xx_hal_dma.o(i.HAL_DMA_IRQHandler)
    HAL_DMA_Init                             0x08000df5   Thumb Code   206  stm32f4xx_hal_dma.o(i.HAL_DMA_Init)
    HAL_DMA_Start_IT                         0x08000ec9   Thumb Code   120  stm32f4xx_hal_dma.o(i.HAL_DMA_Start_IT)
    HAL_Delay                                0x08000f41   Thumb Code    32  stm32f4xx_hal.o(i.HAL_Delay)
    HAL_FLASH_Lock                           0x08000f65   Thumb Code    14  stm32f4xx_hal_flash.o(i.HAL_FLASH_Lock)
    HAL_FLASH_Program                        0x08000f79   Thumb Code   116  stm32f4xx_hal_flash.o(i.HAL_FLASH_Program)
    HAL_FLASH_Unlock                         0x08000ff5   Thumb Code    32  stm32f4xx_hal_flash.o(i.HAL_FLASH_Unlock)
    HAL_GPIO_Init                            0x08001021   Thumb Code   358  stm32f4xx_hal_gpio.o(i.HAL_GPIO_Init)
    HAL_GPIO_TogglePin                       0x080011a9   Thumb Code    14  stm32f4xx_hal_gpio.o(i.HAL_GPIO_TogglePin)
    HAL_GPIO_WritePin                        0x080011b7   Thumb Code    10  stm32f4xx_hal_gpio.o(i.HAL_GPIO_WritePin)
    HAL_GetTick                              0x080011c1   Thumb Code     6  stm32f4xx_hal.o(i.HAL_GetTick)
    HAL_I2C_Init                             0x080011cd   Thumb Code   356  stm32f4xx_hal_i2c.o(i.HAL_I2C_Init)
    HAL_I2C_Mem_Read                         0x08001341   Thumb Code   490  stm32f4xx_hal_i2c.o(i.HAL_I2C_Mem_Read)
    HAL_I2C_Mem_Write                        0x08001539   Thumb Code   294  stm32f4xx_hal_i2c.o(i.HAL_I2C_Mem_Write)
    HAL_I2C_MspInit                          0x08001669   Thumb Code   180  stm32f4xx_hal_msp.o(i.HAL_I2C_MspInit)
    HAL_IncTick                              0x0800172d   Thumb Code    12  stm32f4xx_hal.o(i.HAL_IncTick)
    HAL_Init                                 0x0800173d   Thumb Code    48  stm32f4xx_hal.o(i.HAL_Init)
    HAL_InitTick                             0x08001771   Thumb Code    54  stm32f4xx_hal.o(i.HAL_InitTick)
    HAL_MspInit                              0x080017b1   Thumb Code    42  stm32f4xx_hal_msp.o(i.HAL_MspInit)
    HAL_NVIC_EnableIRQ                       0x080017e1   Thumb Code    26  stm32f4xx_hal_cortex.o(i.HAL_NVIC_EnableIRQ)
    HAL_NVIC_SetPriority                     0x080017fd   Thumb Code    60  stm32f4xx_hal_cortex.o(i.HAL_NVIC_SetPriority)
    HAL_NVIC_SetPriorityGrouping             0x0800183d   Thumb Code    26  stm32f4xx_hal_cortex.o(i.HAL_NVIC_SetPriorityGrouping)
    HAL_RCC_ClockConfig                      0x08001861   Thumb Code   286  stm32f4xx_hal_rcc.o(i.HAL_RCC_ClockConfig)
    HAL_RCC_GetPCLK1Freq                     0x08001991   Thumb Code    20  stm32f4xx_hal_rcc.o(i.HAL_RCC_GetPCLK1Freq)
    HAL_RCC_GetPCLK2Freq                     0x080019b1   Thumb Code    20  stm32f4xx_hal_rcc.o(i.HAL_RCC_GetPCLK2Freq)
    HAL_RCC_GetSysClockFreq                  0x080019d1   Thumb Code    88  stm32f4xx_hal_rcc.o(i.HAL_RCC_GetSysClockFreq)
    HAL_RCC_OscConfig                        0x08001a35   Thumb Code   770  stm32f4xx_hal_rcc.o(i.HAL_RCC_OscConfig)
    HAL_SYSTICK_Config                       0x08001d51   Thumb Code    40  stm32f4xx_hal_cortex.o(i.HAL_SYSTICK_Config)
    HAL_TIMEx_BreakCallback                  0x08001d79   Thumb Code     2  stm32f4xx_hal_tim_ex.o(i.HAL_TIMEx_BreakCallback)
    HAL_TIMEx_CommutCallback                 0x08001d7b   Thumb Code     2  stm32f4xx_hal_tim_ex.o(i.HAL_TIMEx_CommutCallback)
    HAL_TIMEx_MasterConfigSynchronization    0x08001d7d   Thumb Code    66  stm32f4xx_hal_tim_ex.o(i.HAL_TIMEx_MasterConfigSynchronization)
    HAL_TIM_Base_Init                        0x08001dbf   Thumb Code    54  stm32f4xx_hal_tim.o(i.HAL_TIM_Base_Init)
    HAL_TIM_Base_MspInit                     0x08001df5   Thumb Code    72  stm32f4xx_hal_msp.o(i.HAL_TIM_Base_MspInit)
    HAL_TIM_Base_Start                       0x08001e45   Thumb Code    36  stm32f4xx_hal_tim.o(i.HAL_TIM_Base_Start)
    HAL_TIM_Base_Start_IT                    0x08001e69   Thumb Code    34  stm32f4xx_hal_tim.o(i.HAL_TIM_Base_Start_IT)
    HAL_TIM_ConfigClockSource                0x08001e8b   Thumb Code   214  stm32f4xx_hal_tim.o(i.HAL_TIM_ConfigClockSource)
    HAL_TIM_IC_CaptureCallback               0x08001f61   Thumb Code     2  stm32f4xx_hal_tim.o(i.HAL_TIM_IC_CaptureCallback)
    HAL_TIM_IRQHandler                       0x08001f63   Thumb Code   358  stm32f4xx_hal_tim.o(i.HAL_TIM_IRQHandler)
    HAL_TIM_OC_ConfigChannel                 0x080020c9   Thumb Code    86  stm32f4xx_hal_tim.o(i.HAL_TIM_OC_ConfigChannel)
    HAL_TIM_OC_DelayElapsedCallback          0x08002121   Thumb Code    38  main.o(i.HAL_TIM_OC_DelayElapsedCallback)
    HAL_TIM_OC_Init                          0x08002151   Thumb Code    54  stm32f4xx_hal_tim.o(i.HAL_TIM_OC_Init)
    HAL_TIM_OC_MspInit                       0x08002187   Thumb Code     2  stm32f4xx_hal_tim.o(i.HAL_TIM_OC_MspInit)
    HAL_TIM_OC_Start_IT                      0x08002189   Thumb Code   102  stm32f4xx_hal_tim.o(i.HAL_TIM_OC_Start_IT)
    HAL_TIM_PWM_PulseFinishedCallback        0x080021f5   Thumb Code     2  stm32f4xx_hal_tim.o(i.HAL_TIM_PWM_PulseFinishedCallback)
    HAL_TIM_PeriodElapsedCallback            0x080021f9   Thumb Code    20  main.o(i.HAL_TIM_PeriodElapsedCallback)
    HAL_TIM_TriggerCallback                  0x08002215   Thumb Code     2  stm32f4xx_hal_tim.o(i.HAL_TIM_TriggerCallback)
    HAL_UART_ErrorCallback                   0x08002217   Thumb Code     2  stm32f4xx_hal_uart.o(i.HAL_UART_ErrorCallback)
    HAL_UART_IRQHandler                      0x08002219   Thumb Code   266  stm32f4xx_hal_uart.o(i.HAL_UART_IRQHandler)
    HAL_UART_Init                            0x08002329   Thumb Code    98  stm32f4xx_hal_uart.o(i.HAL_UART_Init)
    HAL_UART_MspInit                         0x0800238d   Thumb Code   158  stm32f4xx_hal_msp.o(i.HAL_UART_MspInit)
    HAL_UART_Receive_DMA                     0x08002441   Thumb Code   138  stm32f4xx_hal_uart.o(i.HAL_UART_Receive_DMA)
    HAL_UART_RxCpltCallback                  0x080024d9   Thumb Code     8  main.o(i.HAL_UART_RxCpltCallback)
    HAL_UART_RxHalfCpltCallback              0x080024e5   Thumb Code     2  stm32f4xx_hal_uart.o(i.HAL_UART_RxHalfCpltCallback)
    HAL_UART_Transmit                        0x080024e7   Thumb Code   186  stm32f4xx_hal_uart.o(i.HAL_UART_Transmit)
    HAL_UART_TxCpltCallback                  0x080025a1   Thumb Code     2  stm32f4xx_hal_uart.o(i.HAL_UART_TxCpltCallback)
    HardFault_Handler                        0x080025a3   Thumb Code     2  stm32f4xx_it.o(i.HardFault_Handler)
    I2C1_read_RAM                            0x080025a5   Thumb Code    12  main.o(i.I2C1_read_RAM)
    I2C1_set_byte                            0x080025b5   Thumb Code    10  main.o(i.I2C1_set_byte)
    I2C1_write_RAM                           0x080025c5   Thumb Code    12  main.o(i.I2C1_write_RAM)
    I2C2_set_byte                            0x080025d5   Thumb Code    10  main.o(i.I2C2_set_byte)
    I2C2_write_RAM                           0x080025e5   Thumb Code    12  main.o(i.I2C2_write_RAM)
    MemManage_Handler                        0x08002c55   Thumb Code     2  stm32f4xx_it.o(i.MemManage_Handler)
    NMI_Handler                              0x08002c57   Thumb Code     2  stm32f4xx_it.o(i.NMI_Handler)
    PendSV_Handler                           0x08002c59   Thumb Code     2  stm32f4xx_it.o(i.PendSV_Handler)
    Rnd                                      0x08002c5b   Thumb Code    14  a2v_controller.o(i.Rnd)
    SVC_Handler                              0x08002c69   Thumb Code     2  stm32f4xx_it.o(i.SVC_Handler)
    SysTick_Handler                          0x08002c6b   Thumb Code     4  stm32f4xx_it.o(i.SysTick_Handler)
    SystemClock_Config                       0x08002c71   Thumb Code   132  main.o(i.SystemClock_Config)
    SystemInit                               0x08002cfd   Thumb Code    66  system_stm32f4xx.o(i.SystemInit)
    TIM3_IRQHandler                          0x08002d51   Thumb Code     6  stm32f4xx_it.o(i.TIM3_IRQHandler)
    TIM_Base_SetConfig                       0x08002d5d   Thumb Code   122  stm32f4xx_hal_tim.o(i.TIM_Base_SetConfig)
    TIM_CCxChannelCmd                        0x08002df5   Thumb Code    26  stm32f4xx_hal_tim.o(i.TIM_CCxChannelCmd)
    TIM_ETR_SetConfig                        0x08002e0f   Thumb Code    20  stm32f4xx_hal_tim.o(i.TIM_ETR_SetConfig)
    TIM_OC2_SetConfig                        0x08002e85   Thumb Code    84  stm32f4xx_hal_tim.o(i.TIM_OC2_SetConfig)
    USART2_IRQHandler                        0x08003499   Thumb Code     6  stm32f4xx_it.o(i.USART2_IRQHandler)
    UsageFault_Handler                       0x080034a5   Thumb Code     2  stm32f4xx_it.o(i.UsageFault_Handler)
    __scatterload_copy                       0x080034c7   Thumb Code    14  handlers.o(i.__scatterload_copy)
    __scatterload_null                       0x080034d5   Thumb Code     2  handlers.o(i.__scatterload_null)
    __scatterload_zeroinit                   0x080034d7   Thumb Code    14  handlers.o(i.__scatterload_zeroinit)
    adaptEq                                  0x080034e5   Thumb Code   236  a2v_controller.o(i.adaptEq)
    asc2hex                                  0x080035d1   Thumb Code    42  uart_packet.o(i.asc2hex)
    calcPowerSpectrum                        0x080035fd   Thumb Code    44  a2v_controller.o(i.calcPowerSpectrum)
    dw7914_RAM_init                          0x08003629   Thumb Code   220  dw7914.o(i.dw7914_RAM_init)
    dw7914_get_byte                          0x0800371d   Thumb Code    16  dw7914.o(i.dw7914_get_byte)
    dw7914_go                                0x0800372d   Thumb Code    20  dw7914.o(i.dw7914_go)
    dw7914_init                              0x08003741   Thumb Code   182  dw7914.o(i.dw7914_init)
    dw7914_read_RAM                          0x08003801   Thumb Code    44  dw7914.o(i.dw7914_read_RAM)
    dw7914_seq_loop_setup                    0x0800382d   Thumb Code    50  dw7914.o(i.dw7914_seq_loop_setup)
    dw7914_set_byte                          0x0800385f   Thumb Code    16  dw7914.o(i.dw7914_set_byte)
    dw7914_set_vdClamp                       0x0800386f   Thumb Code    32  dw7914.o(i.dw7914_set_vdClamp)
    dw7914_set_wave_seq                      0x0800388f   Thumb Code    18  dw7914.o(i.dw7914_set_wave_seq)
    dw7914_swrst                             0x080038a1   Thumb Code    20  dw7914.o(i.dw7914_swrst)
    dw7914_write_RAM                         0x080038b5   Thumb Code    44  dw7914.o(i.dw7914_write_RAM)
    dw7914_write_header_to_memory            0x080038e1   Thumb Code    84  dw7914.o(i.dw7914_write_header_to_memory)
    dw7914_write_waveform_to_memory          0x08003935   Thumb Code    46  dw7914.o(i.dw7914_write_waveform_to_memory)
    fftFix                                   0x08003965   Thumb Code   276  a2v_controller.o(i.fftFix)
    fftFixTable                              0x08003a79   Thumb Code   102  a2v_controller.o(i.fftFixTable)
    fftFunc                                  0x08003ae1   Thumb Code    72  a2v_controller.o(i.fftFunc)
    free                                     0x08003b29   Thumb Code    76  malloc.o(i.free)
    i2c_read                                 0x08003b79   Thumb Code    32  dw7914.o(i.i2c_read)
    i2c_write                                0x08003b99   Thumb Code    32  dw7914.o(i.i2c_write)
    loudnCalc                                0x08003bb9   Thumb Code   110  a2v_controller.o(i.loudnCalc)
    main                                     0x08003c29   Thumb Code   962  main.o(i.main)
    malloc                                   0x08004015   Thumb Code    92  malloc.o(i.malloc)
    shortSin                                 0x08004081   Thumb Code    94  a2v_controller.o(i.shortSin)
    sqrtI2I                                  0x080040ed   Thumb Code    28  a2v_controller.o(i.sqrtI2I)
    swap                                     0x08004109   Thumb Code    10  a2v_controller.o(i.swap)
    uart_packet_Debug                        0x08004113   Thumb Code    76  uart_packet.o(i.uart_packet_Debug)
    uart_packet_Decode                       0x08004161   Thumb Code   144  uart_packet.o(i.uart_packet_Decode)
    uart_packet_Error                        0x080041f5   Thumb Code     8  uart_packet.o(i.uart_packet_Error)
    uart_packet_Exec                         0x08004201   Thumb Code   152  uart_packet.o(i.uart_packet_Exec)
    uart_packet_Identify                     0x08004299   Thumb Code    72  uart_packet.o(i.uart_packet_Identify)
    uart_packet_Record                       0x080042e1   Thumb Code    58  uart_packet.o(i.uart_packet_Record)
    uart_packet_Register                     0x0800431b   Thumb Code    44  uart_packet.o(i.uart_packet_Register)
    uart_packet_Response                     0x08004347   Thumb Code    44  uart_packet.o(i.uart_packet_Response)
    uart_packet_Send                         0x08004375   Thumb Code    12  uart_packet.o(i.uart_packet_Send)
    util_flash_to_waveform                   0x08004385   Thumb Code    66  util.o(i.util_flash_to_waveform)
    util_flash_tuning_isEmpty                0x080043c9   Thumb Code    24  util.o(i.util_flash_tuning_isEmpty)
    util_flash_tuning_read                   0x080043e5   Thumb Code    20  util.o(i.util_flash_tuning_read)
    util_flash_tuning_write                  0x080043fd   Thumb Code    58  util.o(i.util_flash_tuning_write)
    util_flash_waveform_isEmpty              0x08004441   Thumb Code    24  util.o(i.util_flash_waveform_isEmpty)
    util_flash_waveform_read                 0x0800445d   Thumb Code    26  util.o(i.util_flash_waveform_read)
    util_flash_waveform_write                0x08004477   Thumb Code    42  util.o(i.util_flash_waveform_write)
    util_waveform_to_flash                   0x080044a1   Thumb Code    94  util.o(i.util_waveform_to_flash)
    vibFreqGenSet                            0x08004509   Thumb Code    22  a2v_controller.o(i.vibFreqGenSet)
    dw7914_defValue                          0x0800451e   Data          85  dw7914.o(.constdata)
    AHBPrescTable                            0x0800457b   Data          16  system_stm32f4xx.o(.constdata)
    APBPrescTable                            0x0800458b   Data           8  system_stm32f4xx.o(.constdata)
    freqHigh                                 0x08004593   Data         256  freqhigh.o(.constdata)
    freqHigh_length                          0x08004694   Data           4  freqhigh.o(.constdata)
    freqLow                                  0x08004698   Data         384  freqlow.o(.constdata)
    freqLow_length                           0x08004818   Data           4  freqlow.o(.constdata)
    freqMid                                  0x0800481c   Data         304  freqmid.o(.constdata)
    freqMid_length                           0x0800494c   Data           4  freqmid.o(.constdata)
    Region$$Table$$Base                      0x08004950   Number         0  anon$$obj.o(Region$$Table)
    Region$$Table$$Limit                     0x08004970   Number         0  anon$$obj.o(Region$$Table)
    hanning_window                           0x20000000   Data        2048  a2v_controller.o(.data)
    cmd                                      0x20000800   Data          28  uart_packet.o(.data)
    adcFlag                                  0x2000081c   Data           1  main.o(.data)
    uartFlag                                 0x2000081d   Data           1  main.o(.data)
    stage                                    0x2000081e   Data           1  main.o(.data)
    runFlag_L                                0x20000820   Data           4  main.o(.data)
    runFlag_R                                0x20000824   Data           4  main.o(.data)
    cntAdcScanBuffer                         0x20000828   Data           4  main.o(.data)
    cntLed                                   0x2000082c   Data           4  main.o(.data)
    uwTickFreq                               0x20000830   Data           1  stm32f4xx_hal.o(.data)
    uwTickPrio                               0x20000834   Data           4  stm32f4xx_hal.o(.data)
    uwTick                                   0x20000838   Data           4  stm32f4xx_hal.o(.data)
    SystemCoreClock                          0x2000083c   Data           4  system_stm32f4xx.o(.data)
    __microlib_freelist                      0x20000840   Data           4  mvars.o(.data)
    __microlib_freelist_initialised          0x20000844   Data           4  mvars.o(.data)
    hDW7914_1                                0x20000848   Data          84  main.o(.bss)
    hDW7914_2                                0x2000089c   Data          84  main.o(.bss)
    a2v_L                                    0x200008f0   Data        4940  main.o(.bss)
    a2v_R                                    0x20001c3c   Data        4940  main.o(.bss)
    hadc1                                    0x20002f88   Data          72  main.o(.bss)
    hi2c1                                    0x20002fd0   Data          84  main.o(.bss)
    hi2c2                                    0x20003024   Data          84  main.o(.bss)
    htim2                                    0x20003078   Data          64  main.o(.bss)
    htim3                                    0x200030b8   Data          64  main.o(.bss)
    huart2                                   0x200030f8   Data          64  main.o(.bss)
    adcScanBuffer                            0x20003138   Data        1920  main.o(.bss)
    adcBuffer_L                              0x200038b8   Data        1024  main.o(.bss)
    adcBuffer_R                              0x20003cb8   Data        1024  main.o(.bss)
    adcFFTin_L                               0x200040b8   Data        1024  main.o(.bss)
    adcFFTin_R                               0x200044b8   Data        1024  main.o(.bss)
    rxBuffer                                 0x200048f8   Data          10  main.o(.bss)
    hdma_adc1                                0x20004904   Data          96  main.o(.bss)
    hdma_usart2_rx                           0x20004964   Data          96  main.o(.bss)
    pFlash                                   0x200049c4   Data          32  stm32f4xx_hal_flash.o(.bss)
    __heap_base                              0x200049e8   Data           0  startup_stm32f401xe.o(HEAP)
    __heap_limit                             0x20004be8   Data           0  startup_stm32f401xe.o(HEAP)
    __initial_sp                             0x20004fe8   Data           0  startup_stm32f401xe.o(STACK)



==============================================================================

Memory Map of the image

  Image Entry point : 0x08000195

  Load Region LR_IROM1 (Base: 0x08000000, Size: 0x000051b8, Max: 0x00080000, ABSOLUTE, COMPRESSED[0x0000503c])

    Execution Region ER_IROM1 (Exec base: 0x08000000, Load base: 0x08000000, Size: 0x00004970, Max: 0x00080000, ABSOLUTE)

    Exec Addr    Load Addr    Size         Type   Attr      Idx    E Section Name        Object

    0x08000000   0x08000000   0x00000194   Data   RO            3    RESET               startup_stm32f401xe.o
    0x08000194   0x08000194   0x00000000   Code   RO         4063  * .ARM.Collect$$$$00000000  mc_w.l(entry.o)
    0x08000194   0x08000194   0x00000004   Code   RO         4104    .ARM.Collect$$$$00000001  mc_w.l(entry2.o)
    0x08000198   0x08000198   0x00000004   Code   RO         4107    .ARM.Collect$$$$00000004  mc_w.l(entry5.o)
    0x0800019c   0x0800019c   0x00000000   Code   RO         4109    .ARM.Collect$$$$00000008  mc_w.l(entry7b.o)
    0x0800019c   0x0800019c   0x00000000   Code   RO         4111    .ARM.Collect$$$$0000000A  mc_w.l(entry8b.o)
    0x0800019c   0x0800019c   0x00000008   Code   RO         4112    .ARM.Collect$$$$0000000B  mc_w.l(entry9a.o)
    0x080001a4   0x080001a4   0x00000000   Code   RO         4114    .ARM.Collect$$$$0000000D  mc_w.l(entry10a.o)
    0x080001a4   0x080001a4   0x00000000   Code   RO         4116    .ARM.Collect$$$$0000000F  mc_w.l(entry11a.o)
    0x080001a4   0x080001a4   0x00000004   Code   RO         4105    .ARM.Collect$$$$00002712  mc_w.l(entry2.o)
    0x080001a8   0x080001a8   0x00000024   Code   RO            4    .text               startup_stm32f401xe.o
    0x080001cc   0x080001cc   0x00000062   Code   RO         4066    .text               mc_w.l(uldiv.o)
    0x0800022e   0x0800022e   0x00000024   Code   RO         4068    .text               mc_w.l(memcpya.o)
    0x08000252   0x08000252   0x00000024   Code   RO         4070    .text               mc_w.l(memseta.o)
    0x08000276   0x08000276   0x0000001e   Code   RO         4072    .text               mc_w.l(strncmp.o)
    0x08000294   0x08000294   0x0000001e   Code   RO         4118    .text               mc_w.l(llshl.o)
    0x080002b2   0x080002b2   0x00000020   Code   RO         4120    .text               mc_w.l(llushr.o)
    0x080002d2   0x080002d2   0x00000002   PAD
    0x080002d4   0x080002d4   0x00000024   Code   RO         4124    .text               mc_w.l(init.o)
    0x080002f8   0x080002f8   0x0000005e   Code   RO         4134    .text               mc_w.l(__dclz77c.o)
    0x08000356   0x08000356   0x0000006e   Code   RO          831    i.ADC_DMAConvCplt   stm32f4xx_hal_adc.o
    0x080003c4   0x080003c4   0x00000016   Code   RO          832    i.ADC_DMAError      stm32f4xx_hal_adc.o
    0x080003da   0x080003da   0x0000000a   Code   RO          833    i.ADC_DMAHalfConvCplt  stm32f4xx_hal_adc.o
    0x080003e4   0x080003e4   0x00000128   Code   RO          834    i.ADC_Init          stm32f4xx_hal_adc.o
    0x0800050c   0x0800050c   0x00000002   Code   RO          658    i.BusFault_Handler  stm32f4xx_it.o
    0x0800050e   0x0800050e   0x00000002   PAD
    0x08000510   0x08000510   0x0000000c   Code   RO          659    i.DMA1_Stream5_IRQHandler  stm32f4xx_it.o
    0x0800051c   0x0800051c   0x0000000c   Code   RO          660    i.DMA2_Stream0_IRQHandler  stm32f4xx_it.o
    0x08000528   0x08000528   0x00000028   Code   RO         3295    i.DMA_CalcBaseAndBitshift  stm32f4xx_hal_dma.o
    0x08000550   0x08000550   0x00000054   Code   RO         3296    i.DMA_CheckFifoParam  stm32f4xx_hal_dma.o
    0x080005a4   0x080005a4   0x00000028   Code   RO         3297    i.DMA_SetConfig     stm32f4xx_hal_dma.o
    0x080005cc   0x080005cc   0x000000ac   Code   RO           13    i.DW_A2V_Ctrl       a2v_controller.o
    0x08000678   0x08000678   0x00000014   Code   RO           14    i.DW_A2V_Init       a2v_controller.o
    0x0800068c   0x0800068c   0x00000002   Code   RO          661    i.DebugMon_Handler  stm32f4xx_it.o
    0x0800068e   0x0800068e   0x00000002   PAD
    0x08000690   0x08000690   0x00000024   Code   RO          519    i.Error_Handler     main.o
    0x080006b4   0x080006b4   0x00000050   Code   RO         3086    i.FLASH_Erase_Sector  stm32f4xx_hal_flash_ex.o
    0x08000704   0x08000704   0x00000020   Code   RO         2968    i.FLASH_Program_Byte  stm32f4xx_hal_flash.o
    0x08000724   0x08000724   0x00000028   Code   RO         2969    i.FLASH_Program_DoubleWord  stm32f4xx_hal_flash.o
    0x0800074c   0x0800074c   0x00000024   Code   RO         2970    i.FLASH_Program_HalfWord  stm32f4xx_hal_flash.o
    0x08000770   0x08000770   0x00000024   Code   RO         2971    i.FLASH_Program_Word  stm32f4xx_hal_flash.o
    0x08000794   0x08000794   0x0000007c   Code   RO         2972    i.FLASH_SetErrorCode  stm32f4xx_hal_flash.o
    0x08000810   0x08000810   0x00000050   Code   RO         2973    i.FLASH_WaitForLastOperation  stm32f4xx_hal_flash.o
    0x08000860   0x08000860   0x0000014c   Code   RO          836    i.HAL_ADC_ConfigChannel  stm32f4xx_hal_adc.o
    0x080009ac   0x080009ac   0x00000050   Code   RO          520    i.HAL_ADC_ConvCpltCallback  main.o
    0x080009fc   0x080009fc   0x00000044   Code   RO          521    i.HAL_ADC_ConvHalfCpltCallback  main.o
    0x08000a40   0x08000a40   0x00000002   Code   RO          840    i.HAL_ADC_ErrorCallback  stm32f4xx_hal_adc.o
    0x08000a42   0x08000a42   0x00000054   Code   RO          845    i.HAL_ADC_Init      stm32f4xx_hal_adc.o
    0x08000a96   0x08000a96   0x00000002   PAD
    0x08000a98   0x08000a98   0x00000098   Code   RO          759    i.HAL_ADC_MspInit   stm32f4xx_hal_msp.o
    0x08000b30   0x08000b30   0x00000100   Code   RO          852    i.HAL_ADC_Start_DMA  stm32f4xx_hal_adc.o
    0x08000c30   0x08000c30   0x00000024   Code   RO         3299    i.HAL_DMA_Abort_IT  stm32f4xx_hal_dma.o
    0x08000c54   0x08000c54   0x000001a0   Code   RO         3303    i.HAL_DMA_IRQHandler  stm32f4xx_hal_dma.o
    0x08000df4   0x08000df4   0x000000d4   Code   RO         3304    i.HAL_DMA_Init      stm32f4xx_hal_dma.o
    0x08000ec8   0x08000ec8   0x00000078   Code   RO         3308    i.HAL_DMA_Start_IT  stm32f4xx_hal_dma.o
    0x08000f40   0x08000f40   0x00000024   Code   RO         3741    i.HAL_Delay         stm32f4xx_hal.o
    0x08000f64   0x08000f64   0x00000014   Code   RO         2977    i.HAL_FLASH_Lock    stm32f4xx_hal_flash.o
    0x08000f78   0x08000f78   0x0000007c   Code   RO         2982    i.HAL_FLASH_Program  stm32f4xx_hal_flash.o
    0x08000ff4   0x08000ff4   0x0000002c   Code   RO         2984    i.HAL_FLASH_Unlock  stm32f4xx_hal_flash.o
    0x08001020   0x08001020   0x00000188   Code   RO         3191    i.HAL_GPIO_Init     stm32f4xx_hal_gpio.o
    0x080011a8   0x080011a8   0x0000000e   Code   RO         3194    i.HAL_GPIO_TogglePin  stm32f4xx_hal_gpio.o
    0x080011b6   0x080011b6   0x0000000a   Code   RO         3195    i.HAL_GPIO_WritePin  stm32f4xx_hal_gpio.o
    0x080011c0   0x080011c0   0x0000000c   Code   RO         3747    i.HAL_GetTick       stm32f4xx_hal.o
    0x080011cc   0x080011cc   0x00000174   Code   RO         1117    i.HAL_I2C_Init      stm32f4xx_hal_i2c.o
    0x08001340   0x08001340   0x000001f8   Code   RO         1135    i.HAL_I2C_Mem_Read  stm32f4xx_hal_i2c.o
    0x08001538   0x08001538   0x00000130   Code   RO         1138    i.HAL_I2C_Mem_Write  stm32f4xx_hal_i2c.o
    0x08001668   0x08001668   0x000000c4   Code   RO          761    i.HAL_I2C_MspInit   stm32f4xx_hal_msp.o
    0x0800172c   0x0800172c   0x00000010   Code   RO         3753    i.HAL_IncTick       stm32f4xx_hal.o
    0x0800173c   0x0800173c   0x00000034   Code   RO         3754    i.HAL_Init          stm32f4xx_hal.o
    0x08001770   0x08001770   0x00000040   Code   RO         3755    i.HAL_InitTick      stm32f4xx_hal.o
    0x080017b0   0x080017b0   0x00000030   Code   RO          762    i.HAL_MspInit       stm32f4xx_hal_msp.o
    0x080017e0   0x080017e0   0x0000001a   Code   RO         3604    i.HAL_NVIC_EnableIRQ  stm32f4xx_hal_cortex.o
    0x080017fa   0x080017fa   0x00000002   PAD
    0x080017fc   0x080017fc   0x00000040   Code   RO         3610    i.HAL_NVIC_SetPriority  stm32f4xx_hal_cortex.o
    0x0800183c   0x0800183c   0x00000024   Code   RO         3611    i.HAL_NVIC_SetPriorityGrouping  stm32f4xx_hal_cortex.o
    0x08001860   0x08001860   0x00000130   Code   RO         2813    i.HAL_RCC_ClockConfig  stm32f4xx_hal_rcc.o
    0x08001990   0x08001990   0x00000020   Code   RO         2820    i.HAL_RCC_GetPCLK1Freq  stm32f4xx_hal_rcc.o
    0x080019b0   0x080019b0   0x00000020   Code   RO         2821    i.HAL_RCC_GetPCLK2Freq  stm32f4xx_hal_rcc.o
    0x080019d0   0x080019d0   0x00000064   Code   RO         2822    i.HAL_RCC_GetSysClockFreq  stm32f4xx_hal_rcc.o
    0x08001a34   0x08001a34   0x0000031c   Code   RO         2825    i.HAL_RCC_OscConfig  stm32f4xx_hal_rcc.o
    0x08001d50   0x08001d50   0x00000028   Code   RO         3615    i.HAL_SYSTICK_Config  stm32f4xx_hal_cortex.o
    0x08001d78   0x08001d78   0x00000002   Code   RO         2235    i.HAL_TIMEx_BreakCallback  stm32f4xx_hal_tim_ex.o
    0x08001d7a   0x08001d7a   0x00000002   Code   RO         2236    i.HAL_TIMEx_CommutCallback  stm32f4xx_hal_tim_ex.o
    0x08001d7c   0x08001d7c   0x00000042   Code   RO         2253    i.HAL_TIMEx_MasterConfigSynchronization  stm32f4xx_hal_tim_ex.o
    0x08001dbe   0x08001dbe   0x00000036   Code   RO         1560    i.HAL_TIM_Base_Init  stm32f4xx_hal_tim.o
    0x08001df4   0x08001df4   0x00000050   Code   RO          764    i.HAL_TIM_Base_MspInit  stm32f4xx_hal_msp.o
    0x08001e44   0x08001e44   0x00000024   Code   RO         1563    i.HAL_TIM_Base_Start  stm32f4xx_hal_tim.o
    0x08001e68   0x08001e68   0x00000022   Code   RO         1565    i.HAL_TIM_Base_Start_IT  stm32f4xx_hal_tim.o
    0x08001e8a   0x08001e8a   0x000000d6   Code   RO         1569    i.HAL_TIM_ConfigClockSource  stm32f4xx_hal_tim.o
    0x08001f60   0x08001f60   0x00000002   Code   RO         1589    i.HAL_TIM_IC_CaptureCallback  stm32f4xx_hal_tim.o
    0x08001f62   0x08001f62   0x00000166   Code   RO         1603    i.HAL_TIM_IRQHandler  stm32f4xx_hal_tim.o
    0x080020c8   0x080020c8   0x00000056   Code   RO         1604    i.HAL_TIM_OC_ConfigChannel  stm32f4xx_hal_tim.o
    0x0800211e   0x0800211e   0x00000002   PAD
    0x08002120   0x08002120   0x00000030   Code   RO          522    i.HAL_TIM_OC_DelayElapsedCallback  main.o
    0x08002150   0x08002150   0x00000036   Code   RO         1608    i.HAL_TIM_OC_Init   stm32f4xx_hal_tim.o
    0x08002186   0x08002186   0x00000002   Code   RO         1610    i.HAL_TIM_OC_MspInit  stm32f4xx_hal_tim.o
    0x08002188   0x08002188   0x0000006c   Code   RO         1613    i.HAL_TIM_OC_Start_IT  stm32f4xx_hal_tim.o
    0x080021f4   0x080021f4   0x00000002   Code   RO         1633    i.HAL_TIM_PWM_PulseFinishedCallback  stm32f4xx_hal_tim.o
    0x080021f6   0x080021f6   0x00000002   PAD
    0x080021f8   0x080021f8   0x0000001c   Code   RO          523    i.HAL_TIM_PeriodElapsedCallback  main.o
    0x08002214   0x08002214   0x00000002   Code   RO         1646    i.HAL_TIM_TriggerCallback  stm32f4xx_hal_tim.o
    0x08002216   0x08002216   0x00000002   Code   RO         2507    i.HAL_UART_ErrorCallback  stm32f4xx_hal_uart.o
    0x08002218   0x08002218   0x00000110   Code   RO         2510    i.HAL_UART_IRQHandler  stm32f4xx_hal_uart.o
    0x08002328   0x08002328   0x00000062   Code   RO         2511    i.HAL_UART_Init     stm32f4xx_hal_uart.o
    0x0800238a   0x0800238a   0x00000002   PAD
    0x0800238c   0x0800238c   0x000000b4   Code   RO          766    i.HAL_UART_MspInit  stm32f4xx_hal_msp.o
    0x08002440   0x08002440   0x00000098   Code   RO         2515    i.HAL_UART_Receive_DMA  stm32f4xx_hal_uart.o
    0x080024d8   0x080024d8   0x0000000c   Code   RO          524    i.HAL_UART_RxCpltCallback  main.o
    0x080024e4   0x080024e4   0x00000002   Code   RO         2518    i.HAL_UART_RxHalfCpltCallback  stm32f4xx_hal_uart.o
    0x080024e6   0x080024e6   0x000000ba   Code   RO         2519    i.HAL_UART_Transmit  stm32f4xx_hal_uart.o
    0x080025a0   0x080025a0   0x00000002   Code   RO         2522    i.HAL_UART_TxCpltCallback  stm32f4xx_hal_uart.o
    0x080025a2   0x080025a2   0x00000002   Code   RO          662    i.HardFault_Handler  stm32f4xx_it.o
    0x080025a4   0x080025a4   0x00000010   Code   RO          525    i.I2C1_read_RAM     main.o
    0x080025b4   0x080025b4   0x00000010   Code   RO          526    i.I2C1_set_byte     main.o
    0x080025c4   0x080025c4   0x00000010   Code   RO          527    i.I2C1_write_RAM    main.o
    0x080025d4   0x080025d4   0x00000010   Code   RO          529    i.I2C2_set_byte     main.o
    0x080025e4   0x080025e4   0x00000010   Code   RO          530    i.I2C2_write_RAM    main.o
    0x080025f4   0x080025f4   0x0000002e   Code   RO         1159    i.I2C_IsAcknowledgeFailed  stm32f4xx_hal_i2c.o
    0x08002622   0x08002622   0x000000e6   Code   RO         1168    i.I2C_RequestMemoryRead  stm32f4xx_hal_i2c.o
    0x08002708   0x08002708   0x00000094   Code   RO         1169    i.I2C_RequestMemoryWrite  stm32f4xx_hal_i2c.o
    0x0800279c   0x0800279c   0x0000004c   Code   RO         1172    i.I2C_WaitOnBTFFlagUntilTimeout  stm32f4xx_hal_i2c.o
    0x080027e8   0x080027e8   0x00000068   Code   RO         1173    i.I2C_WaitOnFlagUntilTimeout  stm32f4xx_hal_i2c.o
    0x08002850   0x08002850   0x00000096   Code   RO         1174    i.I2C_WaitOnMasterAddressFlagUntilTimeout  stm32f4xx_hal_i2c.o
    0x080028e6   0x080028e6   0x00000066   Code   RO         1175    i.I2C_WaitOnRXNEFlagUntilTimeout  stm32f4xx_hal_i2c.o
    0x0800294c   0x0800294c   0x0000004c   Code   RO         1176    i.I2C_WaitOnTXEFlagUntilTimeout  stm32f4xx_hal_i2c.o
    0x08002998   0x08002998   0x0000006c   Code   RO          531    i.MX_ADC1_Init      main.o
    0x08002a04   0x08002a04   0x000000f4   Code   RO          532    i.MX_GPIO_Init      main.o
    0x08002af8   0x08002af8   0x0000003c   Code   RO          533    i.MX_I2C1_Init      main.o
    0x08002b34   0x08002b34   0x0000003c   Code   RO          534    i.MX_I2C2_Init      main.o
    0x08002b70   0x08002b70   0x0000005c   Code   RO          535    i.MX_TIM2_Init      main.o
    0x08002bcc   0x08002bcc   0x00000088   Code   RO          536    i.MX_TIM3_Init      main.o
    0x08002c54   0x08002c54   0x00000002   Code   RO          663    i.MemManage_Handler  stm32f4xx_it.o
    0x08002c56   0x08002c56   0x00000002   Code   RO          664    i.NMI_Handler       stm32f4xx_it.o
    0x08002c58   0x08002c58   0x00000002   Code   RO          665    i.PendSV_Handler    stm32f4xx_it.o
    0x08002c5a   0x08002c5a   0x0000000e   Code   RO           15    i.Rnd               a2v_controller.o
    0x08002c68   0x08002c68   0x00000002   Code   RO          666    i.SVC_Handler       stm32f4xx_it.o
    0x08002c6a   0x08002c6a   0x00000004   Code   RO          667    i.SysTick_Handler   stm32f4xx_it.o
    0x08002c6e   0x08002c6e   0x00000002   PAD
    0x08002c70   0x08002c70   0x0000008c   Code   RO          537    i.SystemClock_Config  main.o
    0x08002cfc   0x08002cfc   0x00000054   Code   RO         3990    i.SystemInit        system_stm32f4xx.o
    0x08002d50   0x08002d50   0x0000000c   Code   RO          668    i.TIM3_IRQHandler   stm32f4xx_it.o
    0x08002d5c   0x08002d5c   0x00000098   Code   RO         1648    i.TIM_Base_SetConfig  stm32f4xx_hal_tim.o
    0x08002df4   0x08002df4   0x0000001a   Code   RO         1649    i.TIM_CCxChannelCmd  stm32f4xx_hal_tim.o
    0x08002e0e   0x08002e0e   0x00000014   Code   RO         1659    i.TIM_ETR_SetConfig  stm32f4xx_hal_tim.o
    0x08002e22   0x08002e22   0x00000010   Code   RO         1660    i.TIM_ITRx_SetConfig  stm32f4xx_hal_tim.o
    0x08002e32   0x08002e32   0x00000002   PAD
    0x08002e34   0x08002e34   0x00000050   Code   RO         1661    i.TIM_OC1_SetConfig  stm32f4xx_hal_tim.o
    0x08002e84   0x08002e84   0x00000058   Code   RO         1662    i.TIM_OC2_SetConfig  stm32f4xx_hal_tim.o
    0x08002edc   0x08002edc   0x00000058   Code   RO         1663    i.TIM_OC3_SetConfig  stm32f4xx_hal_tim.o
    0x08002f34   0x08002f34   0x00000044   Code   RO         1664    i.TIM_OC4_SetConfig  stm32f4xx_hal_tim.o
    0x08002f78   0x08002f78   0x00000022   Code   RO         1666    i.TIM_TI1_ConfigInputStage  stm32f4xx_hal_tim.o
    0x08002f9a   0x08002f9a   0x00000024   Code   RO         1668    i.TIM_TI2_ConfigInputStage  stm32f4xx_hal_tim.o
    0x08002fbe   0x08002fbe   0x00000010   Code   RO         2524    i.UART_DMAAbortOnError  stm32f4xx_hal_uart.o
    0x08002fce   0x08002fce   0x0000004a   Code   RO         2525    i.UART_DMAError     stm32f4xx_hal_uart.o
    0x08003018   0x08003018   0x0000003c   Code   RO         2526    i.UART_DMAReceiveCplt  stm32f4xx_hal_uart.o
    0x08003054   0x08003054   0x0000000a   Code   RO         2528    i.UART_DMARxHalfCplt  stm32f4xx_hal_uart.o
    0x0800305e   0x0800305e   0x0000001c   Code   RO         2534    i.UART_EndRxTransfer  stm32f4xx_hal_uart.o
    0x0800307a   0x0800307a   0x00000012   Code   RO         2535    i.UART_EndTxTransfer  stm32f4xx_hal_uart.o
    0x0800308c   0x0800308c   0x00000096   Code   RO         2536    i.UART_Receive_IT   stm32f4xx_hal_uart.o
    0x08003122   0x08003122   0x00000002   PAD
    0x08003124   0x08003124   0x000002ac   Code   RO         2537    i.UART_SetConfig    stm32f4xx_hal_uart.o
    0x080033d0   0x080033d0   0x00000062   Code   RO         2538    i.UART_Transmit_IT  stm32f4xx_hal_uart.o
    0x08003432   0x08003432   0x00000064   Code   RO         2539    i.UART_WaitOnFlagUntilTimeout  stm32f4xx_hal_uart.o
    0x08003496   0x08003496   0x00000002   PAD
    0x08003498   0x08003498   0x0000000c   Code   RO          669    i.USART2_IRQHandler  stm32f4xx_it.o
    0x080034a4   0x080034a4   0x00000002   Code   RO          670    i.UsageFault_Handler  stm32f4xx_it.o
    0x080034a6   0x080034a6   0x00000020   Code   RO         3617    i.__NVIC_SetPriority  stm32f4xx_hal_cortex.o
    0x080034c6   0x080034c6   0x0000000e   Code   RO         4128    i.__scatterload_copy  mc_w.l(handlers.o)
    0x080034d4   0x080034d4   0x00000002   Code   RO         4129    i.__scatterload_null  mc_w.l(handlers.o)
    0x080034d6   0x080034d6   0x0000000e   Code   RO         4130    i.__scatterload_zeroinit  mc_w.l(handlers.o)
    0x080034e4   0x080034e4   0x000000ec   Code   RO           16    i.adaptEq           a2v_controller.o
    0x080035d0   0x080035d0   0x0000002a   Code   RO          363    i.asc2hex           uart_packet.o
    0x080035fa   0x080035fa   0x00000002   PAD
    0x080035fc   0x080035fc   0x0000002c   Code   RO           17    i.calcPowerSpectrum  a2v_controller.o
    0x08003628   0x08003628   0x000000f4   Code   RO          230    i.dw7914_RAM_init   dw7914.o
    0x0800371c   0x0800371c   0x00000010   Code   RO          231    i.dw7914_get_byte   dw7914.o
    0x0800372c   0x0800372c   0x00000014   Code   RO          232    i.dw7914_go         dw7914.o
    0x08003740   0x08003740   0x000000c0   Code   RO          233    i.dw7914_init       dw7914.o
    0x08003800   0x08003800   0x0000002c   Code   RO          234    i.dw7914_read_RAM   dw7914.o
    0x0800382c   0x0800382c   0x00000032   Code   RO          235    i.dw7914_seq_loop_setup  dw7914.o
    0x0800385e   0x0800385e   0x00000010   Code   RO          236    i.dw7914_set_byte   dw7914.o
    0x0800386e   0x0800386e   0x00000020   Code   RO          237    i.dw7914_set_vdClamp  dw7914.o
    0x0800388e   0x0800388e   0x00000012   Code   RO          238    i.dw7914_set_wave_seq  dw7914.o
    0x080038a0   0x080038a0   0x00000014   Code   RO          240    i.dw7914_swrst      dw7914.o
    0x080038b4   0x080038b4   0x0000002c   Code   RO          241    i.dw7914_write_RAM  dw7914.o
    0x080038e0   0x080038e0   0x00000054   Code   RO          242    i.dw7914_write_header_to_memory  dw7914.o
    0x08003934   0x08003934   0x0000002e   Code   RO          243    i.dw7914_write_waveform_to_memory  dw7914.o
    0x08003962   0x08003962   0x00000002   PAD
    0x08003964   0x08003964   0x00000114   Code   RO           18    i.fftFix            a2v_controller.o
    0x08003a78   0x08003a78   0x00000066   Code   RO           19    i.fftFixTable       a2v_controller.o
    0x08003ade   0x08003ade   0x00000002   PAD
    0x08003ae0   0x08003ae0   0x00000048   Code   RO           20    i.fftFunc           a2v_controller.o
    0x08003b28   0x08003b28   0x00000050   Code   RO         4076    i.free              mc_w.l(malloc.o)
    0x08003b78   0x08003b78   0x00000020   Code   RO          244    i.i2c_read          dw7914.o
    0x08003b98   0x08003b98   0x00000020   Code   RO          245    i.i2c_write         dw7914.o
    0x08003bb8   0x08003bb8   0x0000006e   Code   RO           21    i.loudnCalc         a2v_controller.o
    0x08003c26   0x08003c26   0x00000002   PAD
    0x08003c28   0x08003c28   0x000003ec   Code   RO          538    i.main              main.o
    0x08004014   0x08004014   0x0000006c   Code   RO         4077    i.malloc            mc_w.l(malloc.o)
    0x08004080   0x08004080   0x0000006c   Code   RO           22    i.shortSin          a2v_controller.o
    0x080040ec   0x080040ec   0x0000001c   Code   RO           23    i.sqrtI2I           a2v_controller.o
    0x08004108   0x08004108   0x0000000a   Code   RO           24    i.swap              a2v_controller.o
    0x08004112   0x08004112   0x0000004c   Code   RO          365    i.uart_packet_Debug  uart_packet.o
    0x0800415e   0x0800415e   0x00000002   PAD
    0x08004160   0x08004160   0x00000094   Code   RO          366    i.uart_packet_Decode  uart_packet.o
    0x080041f4   0x080041f4   0x0000000c   Code   RO          367    i.uart_packet_Error  uart_packet.o
    0x08004200   0x08004200   0x00000098   Code   RO          368    i.uart_packet_Exec  uart_packet.o
    0x08004298   0x08004298   0x00000048   Code   RO          369    i.uart_packet_Identify  uart_packet.o
    0x080042e0   0x080042e0   0x0000003a   Code   RO          370    i.uart_packet_Record  uart_packet.o
    0x0800431a   0x0800431a   0x0000002c   Code   RO          371    i.uart_packet_Register  uart_packet.o
    0x08004346   0x08004346   0x0000002c   Code   RO          372    i.uart_packet_Response  uart_packet.o
    0x08004372   0x08004372   0x00000002   PAD
    0x08004374   0x08004374   0x00000010   Code   RO          373    i.uart_packet_Send  uart_packet.o
    0x08004384   0x08004384   0x00000042   Code   RO          454    i.util_flash_to_waveform  util.o
    0x080043c6   0x080043c6   0x00000002   PAD
    0x080043c8   0x080043c8   0x0000001c   Code   RO          455    i.util_flash_tuning_isEmpty  util.o
    0x080043e4   0x080043e4   0x00000018   Code   RO          456    i.util_flash_tuning_read  util.o
    0x080043fc   0x080043fc   0x00000044   Code   RO          457    i.util_flash_tuning_write  util.o
    0x08004440   0x08004440   0x0000001c   Code   RO          458    i.util_flash_waveform_isEmpty  util.o
    0x0800445c   0x0800445c   0x0000001a   Code   RO          459    i.util_flash_waveform_read  util.o
    0x08004476   0x08004476   0x0000002a   Code   RO          460    i.util_flash_waveform_write  util.o
    0x080044a0   0x080044a0   0x00000068   Code   RO          461    i.util_waveform_to_flash  util.o
    0x08004508   0x08004508   0x00000016   Code   RO           25    i.vibFreqGenSet     a2v_controller.o
    0x0800451e   0x0800451e   0x00000055   Data   RO          246    .constdata          dw7914.o
    0x08004573   0x08004573   0x00000008   Data   RO         3310    .constdata          stm32f4xx_hal_dma.o
    0x0800457b   0x0800457b   0x00000010   Data   RO         3991    .constdata          system_stm32f4xx.o
    0x0800458b   0x0800458b   0x00000008   Data   RO         3992    .constdata          system_stm32f4xx.o
    0x08004593   0x08004593   0x00000100   Data   RO         4024    .constdata          freqhigh.o
    0x08004693   0x08004693   0x00000001   PAD
    0x08004694   0x08004694   0x00000004   Data   RO         4028    .constdata          freqhigh.o
    0x08004698   0x08004698   0x00000180   Data   RO         4037    .constdata          freqlow.o
    0x08004818   0x08004818   0x00000004   Data   RO         4041    .constdata          freqlow.o
    0x0800481c   0x0800481c   0x00000130   Data   RO         4050    .constdata          freqmid.o
    0x0800494c   0x0800494c   0x00000004   Data   RO         4054    .constdata          freqmid.o
    0x08004950   0x08004950   0x00000020   Data   RO         4126    Region$$Table       anon$$obj.o


    Execution Region RW_IRAM1 (Exec base: 0x20000000, Load base: 0x08004970, Size: 0x00004fe8, Max: 0x00018000, ABSOLUTE, COMPRESSED[0x000006cc])

    Exec Addr    Load Addr    Size         Type   Attr      Idx    E Section Name        Object

    0x20000000   COMPRESSED   0x00000800   Data   RW           26    .data               a2v_controller.o
    0x20000800   COMPRESSED   0x0000001c   Data   RW          374    .data               uart_packet.o
    0x2000081c   COMPRESSED   0x00000014   Data   RW          542    .data               main.o
    0x20000830   COMPRESSED   0x0000000c   Data   RW         3761    .data               stm32f4xx_hal.o
    0x2000083c   COMPRESSED   0x00000004   Data   RW         3993    .data               system_stm32f4xx.o
    0x20000840   COMPRESSED   0x00000004   Data   RW         4122    .data               mc_w.l(mvars.o)
    0x20000844   COMPRESSED   0x00000004   Data   RW         4123    .data               mc_w.l(mvars.o)
    0x20000848        -       0x000040ba   Zero   RW          539    .bss                main.o
    0x20004902   COMPRESSED   0x00000002   PAD
    0x20004904        -       0x00000060   Zero   RW          540    .bss                main.o
    0x20004964        -       0x00000060   Zero   RW          541    .bss                main.o
    0x200049c4        -       0x00000020   Zero   RW         2985    .bss                stm32f4xx_hal_flash.o
    0x200049e4   COMPRESSED   0x00000004   PAD
    0x200049e8        -       0x00000200   Zero   RW            2    HEAP                startup_stm32f401xe.o
    0x20004be8        -       0x00000400   Zero   RW            1    STACK               startup_stm32f401xe.o


==============================================================================

Image component sizes


      Code (inc. data)   RO Data    RW Data    ZI Data      Debug   Object Name

      1214         20          0       2048          0     452136   a2v_controller.o
       890         34         85          0          0      27059   dw7914.o
         0          0        260          0          0        859   freqhigh.o
         0          0        388          0          0        838   freqlow.o
         0          0        308          0          0        838   freqmid.o
      2196        196          0         20      16762      13534   main.o
        36          8        404          0       1536        856   startup_stm32f401xe.o
       180         28          0         12          0       4721   stm32f4xx_hal.o
      1112         56          0          0          0       6435   stm32f4xx_hal_adc.o
       198         14          0          0          0      34071   stm32f4xx_hal_cortex.o
       948         16          8          0          0       6634   stm32f4xx_hal_dma.o
       536         66          0          0         32       6838   stm32f4xx_hal_flash.o
        80          6          0          0          0        761   stm32f4xx_hal_flash_ex.o
       416         34          0          0          0       3101   stm32f4xx_hal_gpio.o
      2112         44          0          0          0      12862   stm32f4xx_hal_i2c.o
       656         74          0          0          0       4091   stm32f4xx_hal_msp.o
      1264         80          0          0          0       5268   stm32f4xx_hal_rcc.o
      1560         56          0          0          0      16872   stm32f4xx_hal_tim.o
        70          0          0          0          0       2517   stm32f4xx_hal_tim_ex.o
      1952         28          0          0          0      13166   stm32f4xx_hal_uart.o
        68         24          0          0          0       6208   stm32f4xx_it.o
        84         18         24          4          0       1219   system_stm32f4xx.o
       664         20          0         28          0       8052   uart_packet.o
       386         32          0          0          0       5696   util.o

    ----------------------------------------------------------------------
     16658        854       1510       2112      18336     634632   Object Totals
         0          0         32          0          0          0   (incl. Generated)
        36          0          1          0          6          0   (incl. Padding)

    ----------------------------------------------------------------------

      Code (inc. data)   RO Data    RW Data    ZI Data      Debug   Library Member Name

        94          0          0          0          0          0   __dclz77c.o
         0          0          0          0          0          0   entry.o
         0          0          0          0          0          0   entry10a.o
         0          0          0          0          0          0   entry11a.o
         8          4          0          0          0          0   entry2.o
         4          0          0          0          0          0   entry5.o
         0          0          0          0          0          0   entry7b.o
         0          0          0          0          0          0   entry8b.o
         8          4          0          0          0          0   entry9a.o
        30          0          0          0          0          0   handlers.o
        36          8          0          0          0         68   init.o
        30          0          0          0          0         68   llshl.o
        32          0          0          0          0         68   llushr.o
       188         20          0          0          0        160   malloc.o
        36          0          0          0          0         68   memcpya.o
        36          0          0          0          0        108   memseta.o
         0          0          0          8          0          0   mvars.o
        30          0          0          0          0         80   strncmp.o
        98          0          0          0          0         92   uldiv.o

    ----------------------------------------------------------------------
       632         36          0          8          0        712   Library Totals
         2          0          0          0          0          0   (incl. Padding)

    ----------------------------------------------------------------------

      Code (inc. data)   RO Data    RW Data    ZI Data      Debug   Library Name

       630         36          0          8          0        712   mc_w.l

    ----------------------------------------------------------------------
       632         36          0          8          0        712   Library Totals

    ----------------------------------------------------------------------

==============================================================================


      Code (inc. data)   RO Data    RW Data    ZI Data      Debug   

     17290        890       1510       2120      18336     618116   Grand Totals
     17290        890       1510       1740      18336     618116   ELF Image Totals (compressed)
     17290        890       1510       1740          0          0   ROM Totals

==============================================================================

    Total RO  Size (Code + RO Data)                18800 (  18.36kB)
    Total RW  Size (RW Data + ZI Data)             20456 (  19.98kB)
    Total ROM Size (Code + RO Data + RW Data)      20540 (  20.06kB)

==============================================================================

